
Optional file libmchp_peripheral.a not found

Optional file libmchp_peripheral_32MX250F128B.a not found
Archive member included because of file (symbol)

f:/mechatronics software/bin/bin/../../lib/gcc/pic32mx/4.8.3/../../../../pic32mx/lib\libpic32.a(default-bootstrap-exception-handler.o)
                              f:/mechatronics software/bin/bin/../../lib/gcc/pic32mx/4.8.3/../../../../pic32mx/lib/./proc/32MX250F128B/crt0_mips32r2.o (_bootstrap_exception_handler)
f:/mechatronics software/bin/bin/../../lib/gcc/pic32mx/4.8.3/../../../../pic32mx/lib\libpic32.a(default-on-reset.o)
                              f:/mechatronics software/bin/bin/../../lib/gcc/pic32mx/4.8.3/../../../../pic32mx/lib/./proc/32MX250F128B/crt0_mips32r2.o (_on_reset)
f:/mechatronics software/bin/bin/../../lib/gcc/pic32mx/4.8.3/../../../../pic32mx/lib\libpic32.a(default-on-bootstrap.o)
                              f:/mechatronics software/bin/bin/../../lib/gcc/pic32mx/4.8.3/../../../../pic32mx/lib/./proc/32MX250F128B/crt0_mips32r2.o (_on_bootstrap)
f:/mechatronics software/bin/bin/../../lib/gcc/pic32mx/4.8.3/../../../../pic32mx/lib\libpic32.a(default-nmi-handler.o)
                              f:/mechatronics software/bin/bin/../../lib/gcc/pic32mx/4.8.3/../../../../pic32mx/lib/./proc/32MX250F128B/crt0_mips32r2.o (_nmi_handler)
f:/mechatronics software/bin/bin/../../lib/gcc/pic32mx/4.8.3/../../../../pic32mx/lib\libpic32.a(general-exception.o)
                              f:/mechatronics software/bin/bin/../../lib/gcc/pic32mx/4.8.3/../../../../pic32mx/lib/./proc/32MX250F128B/crt0_mips32r2.o (_general_exception_context)
f:/mechatronics software/bin/bin/../../lib/gcc/pic32mx/4.8.3/../../../../pic32mx/lib\libpic32.a(vector0.o)
                              f:/mechatronics software/bin/bin/../../lib/gcc/pic32mx/4.8.3/../../../../pic32mx/lib/./proc/32MX250F128B\default_isr_vectors.o (__vector_dispatch_0)
f:/mechatronics software/bin/bin/../../lib/gcc/pic32mx/4.8.3/../../../../pic32mx/lib\libpic32.a(vector1.o)
                              f:/mechatronics software/bin/bin/../../lib/gcc/pic32mx/4.8.3/../../../../pic32mx/lib/./proc/32MX250F128B\default_isr_vectors.o (__vector_dispatch_1)
f:/mechatronics software/bin/bin/../../lib/gcc/pic32mx/4.8.3/../../../../pic32mx/lib\libpic32.a(vector2.o)
                              f:/mechatronics software/bin/bin/../../lib/gcc/pic32mx/4.8.3/../../../../pic32mx/lib/./proc/32MX250F128B\default_isr_vectors.o (__vector_dispatch_2)
f:/mechatronics software/bin/bin/../../lib/gcc/pic32mx/4.8.3/../../../../pic32mx/lib\libpic32.a(vector3.o)
                              f:/mechatronics software/bin/bin/../../lib/gcc/pic32mx/4.8.3/../../../../pic32mx/lib/./proc/32MX250F128B\default_isr_vectors.o (__vector_dispatch_3)
f:/mechatronics software/bin/bin/../../lib/gcc/pic32mx/4.8.3/../../../../pic32mx/lib\libpic32.a(vector4.o)
                              f:/mechatronics software/bin/bin/../../lib/gcc/pic32mx/4.8.3/../../../../pic32mx/lib/./proc/32MX250F128B\default_isr_vectors.o (__vector_dispatch_4)
f:/mechatronics software/bin/bin/../../lib/gcc/pic32mx/4.8.3/../../../../pic32mx/lib\libpic32.a(vector5.o)
                              f:/mechatronics software/bin/bin/../../lib/gcc/pic32mx/4.8.3/../../../../pic32mx/lib/./proc/32MX250F128B\default_isr_vectors.o (__vector_dispatch_5)
f:/mechatronics software/bin/bin/../../lib/gcc/pic32mx/4.8.3/../../../../pic32mx/lib\libpic32.a(vector6.o)
                              f:/mechatronics software/bin/bin/../../lib/gcc/pic32mx/4.8.3/../../../../pic32mx/lib/./proc/32MX250F128B\default_isr_vectors.o (__vector_dispatch_6)
f:/mechatronics software/bin/bin/../../lib/gcc/pic32mx/4.8.3/../../../../pic32mx/lib\libpic32.a(vector7.o)
                              f:/mechatronics software/bin/bin/../../lib/gcc/pic32mx/4.8.3/../../../../pic32mx/lib/./proc/32MX250F128B\default_isr_vectors.o (__vector_dispatch_7)
f:/mechatronics software/bin/bin/../../lib/gcc/pic32mx/4.8.3/../../../../pic32mx/lib\libpic32.a(vector8.o)
                              f:/mechatronics software/bin/bin/../../lib/gcc/pic32mx/4.8.3/../../../../pic32mx/lib/./proc/32MX250F128B\default_isr_vectors.o (__vector_dispatch_8)
f:/mechatronics software/bin/bin/../../lib/gcc/pic32mx/4.8.3/../../../../pic32mx/lib\libpic32.a(vector9.o)
                              f:/mechatronics software/bin/bin/../../lib/gcc/pic32mx/4.8.3/../../../../pic32mx/lib/./proc/32MX250F128B\default_isr_vectors.o (__vector_dispatch_9)
f:/mechatronics software/bin/bin/../../lib/gcc/pic32mx/4.8.3/../../../../pic32mx/lib\libpic32.a(vector10.o)
                              f:/mechatronics software/bin/bin/../../lib/gcc/pic32mx/4.8.3/../../../../pic32mx/lib/./proc/32MX250F128B\default_isr_vectors.o (__vector_dispatch_10)
f:/mechatronics software/bin/bin/../../lib/gcc/pic32mx/4.8.3/../../../../pic32mx/lib\libpic32.a(vector11.o)
[...]
Memory Configuration

Name             Origin             Length             Attributes
kseg0_boot_mem   0x9fc00490         0x00000000
kseg1_boot_mem   0xbfc00000         0x00000490
kseg0_program_mem 0x9d000000         0x0001f000         xr
exception_mem    0x9d01f000         0x00001000
debug_exec_mem   0x9fc00490         0x00000760
config3          0xbfc00bf0         0x00000004
config2          0xbfc00bf4         0x00000004
config1          0xbfc00bf8         0x00000004
config0          0xbfc00bfc         0x00000004
kseg1_data_mem   0xa0000000         0x00008000         w !x
sfrs             0xbf800000         0x00100000
configsfrs       0xbfc00bf0         0x00000010
*default*        0x00000000         0xffffffff

Linker script and memory map


reserve_boot_0x1fc00490_kseg0
                0x9fc00490      0x760
                0x9fc00490        0x2 SHORT 0x0
                0x00000760                . = 0x760
 *fill*         0x9fc00492      0x75e 
                0x9fc00bf0                . = ALIGN (0x4)

reserve_boot_0x1fc00490_kseg1
                0xbfc00490      0x760
                0xbfc00490        0x2 SHORT 0x0
                0x00000760                . = 0x760
 *fill*         0xbfc00492      0x75e 
                0xbfc00bf0                . = ALIGN (0x4)
LOAD f:/mechatronics software/bin/bin/../../lib/gcc/pic32mx/4.8.3/../../../../pic32mx/lib/./proc/32MX250F128B/crt0_mips32r2.o
LOAD f:/mechatronics software/bin/bin/../../lib/gcc/pic32mx/4.8.3/../../../../pic32mx/lib\software-debug-break.o
                0x00000001                _DEBUGGER = 0x1
LOAD build/pic32mx795_pim_e16_int_dyn/debug/_ext/1252289623/sys_clk_static.o
LOAD build/pic32mx795_pim_e16_int_dyn/debug/_ext/633097401/sys_ports_static.o
LOAD build/pic32mx795_pim_e16_int_dyn/debug/_ext/1856320864/system_init.o
LOAD build/pic32mx795_pim_e16_int_dyn/debug/_ext/1856320864/system_interrupt.o
LOAD build/pic32mx795_pim_e16_int_dyn/debug/_ext/1856320864/system_exceptions.o
LOAD build/pic32mx795_pim_e16_int_dyn/debug/_ext/1856320864/system_tasks.o
LOAD build/pic32mx795_pim_e16_int_dyn/debug/_ext/1360937237/app.o
LOAD build/pic32mx795_pim_e16_int_dyn/debug/_ext/1360937237/main.o
LOAD build/pic32mx795_pim_e16_int_dyn/debug/_ext/819416189/bsp_sys_init.o
LOAD build/pic32mx795_pim_e16_int_dyn/debug/_ext/1927798604/drv_usart.o
LOAD build/pic32mx795_pim_e16_int_dyn/debug/_ext/1927798604/drv_usart_read_write.o
LOAD build/pic32mx795_pim_e16_int_dyn/debug/_ext/1585079243/drv_usbfs.o
LOAD build/pic32mx795_pim_e16_int_dyn/debug/_ext/1585079243/drv_usbfs_device.o
LOAD build/pic32mx795_pim_e16_int_dyn/debug/_ext/912498863/sys_devcon.o
LOAD build/pic32mx795_pim_e16_int_dyn/debug/_ext/912498863/sys_devcon_pic32mx.o
LOAD build/pic32mx795_pim_e16_int_dyn/debug/_ext/711155467/sys_int_pic32.o
LOAD build/pic32mx795_pim_e16_int_dyn/debug/_ext/1653354328/sys_ports.o
LOAD build/pic32mx795_pim_e16_int_dyn/debug/_ext/692885480/usb_device.o
LOAD build/pic32mx795_pim_e16_int_dyn/debug/_ext/692885480/usb_device_cdc.o
LOAD build/pic32mx795_pim_e16_int_dyn/debug/_ext/692885480/usb_device_cdc_acm.o
LOAD ..\..\..\..\..\..\bin\framework\peripheral\PIC32MX795F512L_peripherals.a
                0x00000001                __MPLAB_BUILD = 0x1
                0x00000001                __MPLAB_DEBUG = 0x1
                0x00000001                __DEBUG = 0x1
                0x00000001                __MPLAB_DEBUGGER_PK3 = 0x1
                0x00000000                _min_heap_size = 0x0
LOAD f:/mechatronics software/bin/bin/../../lib/gcc/pic32mx/4.8.3/../../../../pic32mx/lib/./proc/32MX250F128B\default_isr_vectors.o
LOAD f:/mechatronics software/bin/bin/../../lib/gcc/pic32mx/4.8.3/../../../../pic32mx/lib\pic32_software_reset.o
                0x00000400                PROVIDE (_min_stack_size, 0x400)
LOAD f:/mechatronics software/bin/bin/../../lib/gcc/pic32mx/4.8.3/../../../../pic32mx/lib/./proc/32MX250F128B\processor.o
START GROUP
LOAD libmchp_peripheral.a
END GROUP
START GROUP
LOAD libmchp_peripheral_32MX250F128B.a
END GROUP
                0x00000001                PROVIDE (_vector_spacing, 0x1)
                0x9d01f000                _ebase_address = 0x9d01f000
                0xbfc00000                _RESET_ADDR = 0xbfc00000
                0xbfc00380                _BEV_EXCPT_ADDR = 0xbfc00380
                0xbfc00480                _DBG_EXCPT_ADDR = 0xbfc00480
                0x9fc00490                _DBG_CODE_ADDR = 0x9fc00490
                0x00000760                _DBG_CODE_SIZE = 0x760
                0x9d01f180                _GEN_EXCPT_ADDR = (_ebase_address + 0x180)

.config_BFC00BF0
                0xbfc00bf0        0x4
 *(.config_BFC00BF0)
 .config_BFC00BF0
                0xbfc00bf0        0x4 build/pic32mx795_pim_e16_int_dyn/debug/_ext/1856320864/system_init.o

.config_BFC00BF4
                0xbfc00bf4        0x4
 *(.config_BFC00BF4)
 .config_BFC00BF4
                0xbfc00bf4        0x4 build/pic32mx795_pim_e16_int_dyn/debug/_ext/1856320864/system_init.o

.config_BFC00BF8
                0xbfc00bf8        0x4
 *(.config_BFC00BF8)
 .config_BFC00BF8
                0xbfc00bf8        0x4 build/pic32mx795_pim_e16_int_dyn/debug/_ext/1856320864/system_init.o

.config_BFC00BFC
                0xbfc00bfc        0x4
 *(.config_BFC00BFC)
 .config_BFC00BFC
                0xbfc00bfc        0x4 build/pic32mx795_pim_e16_int_dyn/debug/_ext/1856320864/system_init.o
                0xbfc02000                PROVIDE (_DBG_CODE_ADDR, 0xbfc02000)
                0x00000ff0                PROVIDE (_DBG_CODE_SIZE, 0xff0)

.reset          0xbfc00000      0x1d0
 *(.reset)
 .reset         0xbfc00000        0x8 f:/mechatronics software/bin/bin/../../lib/gcc/pic32mx/4.8.3/../../../../pic32mx/lib/./proc/32MX250F128B/crt0_mips32r2.o
                0xbfc00000                _reset
 *(.reset.startup)
 .reset.startup
                0xbfc00008      0x1c8 f:/mechatronics software/bin/bin/../../lib/gcc/pic32mx/4.8.3/../../../../pic32mx/lib/./proc/32MX250F128B/crt0_mips32r2.o

.bev_excpt      0xbfc00380       0x10
 *(.bev_handler)
 .bev_handler   0xbfc00380       0x10 f:/mechatronics software/bin/bin/../../lib/gcc/pic32mx/4.8.3/../../../../pic32mx/lib/./proc/32MX250F128B/crt0_mips32r2.o

.dbg_excpt      0xbfc00480        0x8
                0xbfc00480                . = (. + DEFINED (_DEBUGGER)?0x8:0x0)
 *fill*         0xbfc00480        0x8 

.dbg_code       0x9fc00490      0x760
                0x9fc00490                . = (. + DEFINED (_DEBUGGER)?_DBG_CODE_SIZE:0x0)
 *fill*         0x9fc00490      0x760 

.app_excpt      0x9d01f180       0x10
 *(.gen_handler)
 .gen_handler   0x9d01f180       0x10 f:/mechatronics software/bin/bin/../../lib/gcc/pic32mx/4.8.3/../../../../pic32mx/lib/./proc/32MX250F128B/crt0_mips32r2.o

.vector_0       0x9d01f200        0x8
 *(.vector_0)
 .vector_0      0x9d01f200        0x8 f:/mechatronics software/bin/bin/../../lib/gcc/pic32mx/4.8.3/../../../../pic32mx/lib\libpic32.a(vector0.o)
                0x9d01f200                __vector_dispatch_0
                0x00000001                ASSERT (((_vector_spacing == 0x0) || (SIZEOF (.vector_0) <= (_vector_spacing << 0x5))), function at exception vector 0 too large)

.vector_1       0x9d01f220        0x8
 *(.vector_1)
 .vector_1      0x9d01f220        0x8 f:/mechatronics software/bin/bin/../../lib/gcc/pic32mx/4.8.3/../../../../pic32mx/lib\libpic32.a(vector1.o)
                0x9d01f220                __vector_dispatch_1
                0x00000001                ASSERT (((_vector_spacing == 0x0) || (SIZEOF (.vector_1) <= (_vector_spacing << 0x5))), function at exception vector 1 too large)

.vector_2       0x9d01f240        0x8
 *(.vector_2)
 .vector_2      0x9d01f240        0x8 f:/mechatronics software/bin/bin/../../lib/gcc/pic32mx/4.8.3/../../../../pic32mx/lib\libpic32.a(vector2.o)
                0x9d01f240                __vector_dispatch_2
                0x00000001                ASSERT (((_vector_spacing == 0x0) || (SIZEOF (.vector_2) <= (_vector_spacing << 0x5))), function at exception vector 2 too large)

.vector_3       0x9d01f260        0x8
 *(.vector_3)
 .vector_3      0x9d01f260        0x8 f:/mechatronics software/bin/bin/../../lib/gcc/pic32mx/4.8.3/../../../../pic32mx/lib\libpic32.a(vector3.o)
                0x9d01f260                __vector_dispatch_3
                0x00000001                ASSERT (((_vector_spacing == 0x0) || (SIZEOF (.vector_3) <= (_vector_spacing << 0x5))), function at exception vector 3 too large)

.vector_4       0x9d01f280        0x8
 *(.vector_4)
 .vector_4      0x9d01f280        0x8 f:/mechatronics software/bin/bin/../../lib/gcc/pic32mx/4.8.3/../../../../pic32mx/lib\libpic32.a(vector4.o)
                0x9d01f280                __vector_dispatch_4
                0x00000001                ASSERT (((_vector_spacing == 0x0) || (SIZEOF (.vector_4) <= (_vector_spacing << 0x5))), function at exception vector 4 too large)

.vector_5       0x9d01f2a0        0x8
 *(.vector_5)
 .vector_5      0x9d01f2a0        0x8 f:/mechatronics software/bin/bin/../../lib/gcc/pic32mx/4.8.3/../../../../pic32mx/lib\libpic32.a(vector5.o)
                0x9d01f2a0                __vector_dispatch_5
                0x00000001                ASSERT (((_vector_spacing == 0x0) || (SIZEOF (.vector_5) <= (_vector_spacing << 0x5))), function at exception vector 5 too large)

.vector_6       0x9d01f2c0        0x8
 *(.vector_6)
 .vector_6      0x9d01f2c0        0x8 f:/mechatronics software/bin/bin/../../lib/gcc/pic32mx/4.8.3/../../../../pic32mx/lib\libpic32.a(vector6.o)
                0x9d01f2c0                __vector_dispatch_6
                0x00000001                ASSERT (((_vector_spacing == 0x0) || (SIZEOF (.vector_6) <= (_vector_spacing << 0x5))), function at exception vector 6 too large)

.vector_7       0x9d01f2e0        0x8
 *(.vector_7)
 .vector_7      0x9d01f2e0        0x8 f:/mechatronics software/bin/bin/../../lib/gcc/pic32mx/4.8.3/../../../../pic32mx/lib\libpic32.a(vector7.o)
                0x9d01f2e0                __vector_dispatch_7
                0x00000001                ASSERT (((_vector_spacing == 0x0) || (SIZEOF (.vector_7) <= (_vector_spacing << 0x5))), function at exception vector 7 too large)

.vector_8       0x9d01f300        0x8
 *(.vector_8)
 .vector_8      0x9d01f300        0x8 f:/mechatronics software/bin/bin/../../lib/gcc/pic32mx/4.8.3/../../../../pic32mx/lib\libpic32.a(vector8.o)
                0x9d01f300                __vector_dispatch_8
                0x00000001                ASSERT (((_vector_spacing == 0x0) || (SIZEOF (.vector_8) <= (_vector_spacing << 0x5))), function at exception vector 8 too large)

.vector_9       0x9d01f320        0x8
 *(.vector_9)
 .vector_9      0x9d01f320        0x8 f:/mechatronics software/bin/bin/../../lib/gcc/pic32mx/4.8.3/../../../../pic32mx/lib\libpic32.a(vector9.o)
                0x9d01f320                __vector_dispatch_9
                0x00000001                ASSERT (((_vector_spacing == 0x0) || (SIZEOF (.vector_9) <= (_vector_spacing << 0x5))), function at exception vector 9 too large)

.vector_10      0x9d01f340        0x8
 *(.vector_10)
 .vector_10     0x9d01f340        0x8 f:/mechatronics software/bin/bin/../../lib/gcc/pic32mx/4.8.3/../../../../pic32mx/lib\libpic32.a(vector10.o)
                0x9d01f340                __vector_dispatch_10
                0x00000001                ASSERT (((_vector_spacing == 0x0) || (SIZEOF (.vector_10) <= (_vector_spacing << 0x5))), function at exception vector 10 too large)

.vector_11      0x9d01f360        0x8
 *(.vector_11)
 .vector_11     0x9d01f360        0x8 f:/mechatronics software/bin/bin/../../lib/gcc/pic32mx/4.8.3/../../../../pic32mx/lib\libpic32.a(vector11.o)
                0x9d01f360                __vector_dispatch_11
                0x00000001                ASSERT (((_vector_spacing == 0x0) || (SIZEOF (.vector_11) <= (_vector_spacing << 0x5))), function at exception vector 11 too large)

.vector_12      0x9d01f380        0x8
 *(.vector_12)
 .vector_12     0x9d01f380        0x8 f:/mechatronics software/bin/bin/../../lib/gcc/pic32mx/4.8.3/../../../../pic32mx/lib\libpic32.a(vector12.o)
                0x9d01f380                __vector_dispatch_12
                0x00000001                ASSERT (((_vector_spacing == 0x0) || (SIZEOF (.vector_12) <= (_vector_spacing << 0x5))), function at exception vector 12 too large)

.vector_13      0x9d01f3a0        0x8
 *(.vector_13)
 .vector_13     0x9d01f3a0        0x8 f:/mechatronics software/bin/bin/../../lib/gcc/pic32mx/4.8.3/../../../../pic32mx/lib\libpic32.a(vector13.o)
                0x9d01f3a0                __vector_dispatch_13
                0x00000001                ASSERT (((_vector_spacing == 0x0) || (SIZEOF (.vector_13) <= (_vector_spacing << 0x5))), function at exception vector 13 too large)

.vector_14      0x9d01f3c0        0x8
 *(.vector_14)
 .vector_14     0x9d01f3c0        0x8 f:/mechatronics software/bin/bin/../../lib/gcc/pic32mx/4.8.3/../../../../pic32mx/lib\libpic32.a(vector14.o)
                0x9d01f3c0                __vector_dispatch_14
                0x00000001                ASSERT (((_vector_spacing == 0x0) || (SIZEOF (.vector_14) <= (_vector_spacing << 0x5))), function at exception vector 14 too large)

.vector_15      0x9d01f3e0        0x8
 *(.vector_15)
 .vector_15     0x9d01f3e0        0x8 f:/mechatronics software/bin/bin/../../lib/gcc/pic32mx/4.8.3/../../../../pic32mx/lib\libpic32.a(vector15.o)
                0x9d01f3e0                __vector_dispatch_15
                0x00000001                ASSERT (((_vector_spacing == 0x0) || (SIZEOF (.vector_15) <= (_vector_spacing << 0x5))), function at exception vector 15 too large)

.vector_16      0x9d01f400        0x8
 *(.vector_16)
 .vector_16     0x9d01f400        0x8 f:/mechatronics software/bin/bin/../../lib/gcc/pic32mx/4.8.3/../../../../pic32mx/lib\libpic32.a(vector16.o)
                0x9d01f400                __vector_dispatch_16
                0x00000001                ASSERT (((_vector_spacing == 0x0) || (SIZEOF (.vector_16) <= (_vector_spacing << 0x5))), function at exception vector 16 too large)

.vector_17      0x9d01f420        0x8
 *(.vector_17)
 .vector_17     0x9d01f420        0x8 f:/mechatronics software/bin/bin/../../lib/gcc/pic32mx/4.8.3/../../../../pic32mx/lib\libpic32.a(vector17.o)
                0x9d01f420                __vector_dispatch_17
                0x00000001                ASSERT (((_vector_spacing == 0x0) || (SIZEOF (.vector_17) <= (_vector_spacing << 0x5))), function at exception vector 17 too large)

.vector_18      0x9d01f440        0x8
 *(.vector_18)
 .vector_18     0x9d01f440        0x8 f:/mechatronics software/bin/bin/../../lib/gcc/pic32mx/4.8.3/../../../../pic32mx/lib\libpic32.a(vector18.o)
                0x9d01f440                __vector_dispatch_18
                0x00000001                ASSERT (((_vector_spacing == 0x0) || (SIZEOF (.vector_18) <= (_vector_spacing << 0x5))), function at exception vector 18 too large)

.vector_19      0x9d01f460        0x8
 *(.vector_19)
 .vector_19     0x9d01f460        0x8 f:/mechatronics software/bin/bin/../../lib/gcc/pic32mx/4.8.3/../../../../pic32mx/lib\libpic32.a(vector19.o)
                0x9d01f460                __vector_dispatch_19
                0x00000001                ASSERT (((_vector_spacing == 0x0) || (SIZEOF (.vector_19) <= (_vector_spacing << 0x5))), function at exception vector 19 too large)

.vector_20      0x9d01f480        0x8
 *(.vector_20)
 .vector_20     0x9d01f480        0x8 f:/mechatronics software/bin/bin/../../lib/gcc/pic32mx/4.8.3/../../../../pic32mx/lib\libpic32.a(vector20.o)
                0x9d01f480                __vector_dispatch_20
                0x00000001                ASSERT (((_vector_spacing == 0x0) || (SIZEOF (.vector_20) <= (_vector_spacing << 0x5))), function at exception vector 20 too large)

.vector_21      0x9d01f4a0        0x8
 *(.vector_21)
 .vector_21     0x9d01f4a0        0x8 f:/mechatronics software/bin/bin/../../lib/gcc/pic32mx/4.8.3/../../../../pic32mx/lib\libpic32.a(vector21.o)
                0x9d01f4a0                __vector_dispatch_21
                0x00000001                ASSERT (((_vector_spacing == 0x0) || (SIZEOF (.vector_21) <= (_vector_spacing << 0x5))), function at exception vector 21 too large)

.vector_22      0x9d01f4c0        0x8
 *(.vector_22)
 .vector_22     0x9d01f4c0        0x8 f:/mechatronics software/bin/bin/../../lib/gcc/pic32mx/4.8.3/../../../../pic32mx/lib\libpic32.a(vector22.o)
                0x9d01f4c0                __vector_dispatch_22
                0x00000001                ASSERT (((_vector_spacing == 0x0) || (SIZEOF (.vector_22) <= (_vector_spacing << 0x5))), function at exception vector 22 too large)

.vector_23      0x9d01f4e0        0x8
 *(.vector_23)
 .vector_23     0x9d01f4e0        0x8 f:/mechatronics software/bin/bin/../../lib/gcc/pic32mx/4.8.3/../../../../pic32mx/lib\libpic32.a(vector23.o)
                0x9d01f4e0                __vector_dispatch_23
                0x00000001                ASSERT (((_vector_spacing == 0x0) || (SIZEOF (.vector_23) <= (_vector_spacing << 0x5))), function at exception vector 23 too large)

.vector_24      0x9d01f500        0x8
 *(.vector_24)
 .vector_24     0x9d01f500        0x8 f:/mechatronics software/bin/bin/../../lib/gcc/pic32mx/4.8.3/../../../../pic32mx/lib\libpic32.a(vector24.o)
                0x9d01f500                __vector_dispatch_24
                0x00000001                ASSERT (((_vector_spacing == 0x0) || (SIZEOF (.vector_24) <= (_vector_spacing << 0x5))), function at exception vector 24 too large)

.vector_25      0x9d01f520        0x8
 *(.vector_25)
 .vector_25     0x9d01f520        0x8 f:/mechatronics software/bin/bin/../../lib/gcc/pic32mx/4.8.3/../../../../pic32mx/lib\libpic32.a(vector25.o)
                0x9d01f520                __vector_dispatch_25
                0x00000001                ASSERT (((_vector_spacing == 0x0) || (SIZEOF (.vector_25) <= (_vector_spacing << 0x5))), function at exception vector 25 too large)

.vector_26      0x9d01f540        0x8
 *(.vector_26)
 .vector_26     0x9d01f540        0x8 f:/mechatronics software/bin/bin/../../lib/gcc/pic32mx/4.8.3/../../../../pic32mx/lib\libpic32.a(vector26.o)
                0x9d01f540                __vector_dispatch_26
                0x00000001                ASSERT (((_vector_spacing == 0x0) || (SIZEOF (.vector_26) <= (_vector_spacing << 0x5))), function at exception vector 26 too large)

.vector_27      0x9d01f560        0x8
 *(.vector_27)
 .vector_27     0x9d01f560        0x8 f:/mechatronics software/bin/bin/../../lib/gcc/pic32mx/4.8.3/../../../../pic32mx/lib\libpic32.a(vector27.o)
                0x9d01f560                __vector_dispatch_27
                0x00000001                ASSERT (((_vector_spacing == 0x0) || (SIZEOF (.vector_27) <= (_vector_spacing << 0x5))), function at exception vector 27 too large)

.vector_28      0x9d01f580        0x8
 *(.vector_28)
 .vector_28     0x9d01f580        0x8 f:/mechatronics software/bin/bin/../../lib/gcc/pic32mx/4.8.3/../../../../pic32mx/lib\libpic32.a(vector28.o)
                0x9d01f580                __vector_dispatch_28
                0x00000001                ASSERT (((_vector_spacing == 0x0) || (SIZEOF (.vector_28) <= (_vector_spacing << 0x5))), function at exception vector 28 too large)

.vector_29      0x9d01f5a0        0x8
 *(.vector_29)
 .vector_29     0x9d01f5a0        0x8 f:/mechatronics software/bin/bin/../../lib/gcc/pic32mx/4.8.3/../../../../pic32mx/lib\libpic32.a(vector29.o)
                0x9d01f5a0                __vector_dispatch_29
                0x00000001                ASSERT (((_vector_spacing == 0x0) || (SIZEOF (.vector_29) <= (_vector_spacing << 0x5))), function at exception vector 29 too large)

.vector_30      0x9d01f5c0        0x8
 *(.vector_30)
 .vector_30     0x9d01f5c0        0x8 build/pic32mx795_pim_e16_int_dyn/debug/_ext/1856320864/system_interrupt.o
                0x9d01f5c0                __vector_dispatch_30
                0x00000001                ASSERT (((_vector_spacing == 0x0) || (SIZEOF (.vector_30) <= (_vector_spacing << 0x5))), function at exception vector 30 too large)

.vector_31      0x9d01f5e0        0x8
 *(.vector_31)
 .vector_31     0x9d01f5e0        0x8 f:/mechatronics software/bin/bin/../../lib/gcc/pic32mx/4.8.3/../../../../pic32mx/lib\libpic32.a(vector31.o)
                0x9d01f5e0                __vector_dispatch_31
                0x00000001                ASSERT (((_vector_spacing == 0x0) || (SIZEOF (.vector_31) <= (_vector_spacing << 0x5))), function at exception vector 31 too large)

.vector_32      0x9d01f600        0x8
 *(.vector_32)
 .vector_32     0x9d01f600        0x8 f:/mechatronics software/bin/bin/../../lib/gcc/pic32mx/4.8.3/../../../../pic32mx/lib\libpic32.a(vector32.o)
                0x9d01f600                __vector_dispatch_32
                0x00000001                ASSERT (((_vector_spacing == 0x0) || (SIZEOF (.vector_32) <= (_vector_spacing << 0x5))), function at exception vector 32 too large)

.vector_33      0x9d01f620        0x8
 *(.vector_33)
 .vector_33     0x9d01f620        0x8 f:/mechatronics software/bin/bin/../../lib/gcc/pic32mx/4.8.3/../../../../pic32mx/lib\libpic32.a(vector33.o)
                0x9d01f620                __vector_dispatch_33
                0x00000001                ASSERT (((_vector_spacing == 0x0) || (SIZEOF (.vector_33) <= (_vector_spacing << 0x5))), function at exception vector 33 too large)

.vector_34      0x9d01f640        0x8
 *(.vector_34)
 .vector_34     0x9d01f640        0x8 f:/mechatronics software/bin/bin/../../lib/gcc/pic32mx/4.8.3/../../../../pic32mx/lib\libpic32.a(vector34.o)
                0x9d01f640                __vector_dispatch_34
                0x00000001                ASSERT (((_vector_spacing == 0x0) || (SIZEOF (.vector_34) <= (_vector_spacing << 0x5))), function at exception vector 34 too large)

.vector_35      0x9d01f660        0x8
 *(.vector_35)
 .vector_35     0x9d01f660        0x8 f:/mechatronics software/bin/bin/../../lib/gcc/pic32mx/4.8.3/../../../../pic32mx/lib\libpic32.a(vector35.o)
                0x9d01f660                __vector_dispatch_35
                0x00000001                ASSERT (((_vector_spacing == 0x0) || (SIZEOF (.vector_35) <= (_vector_spacing << 0x5))), function at exception vector 35 too large)

.vector_36      0x9d01f680        0x8
 *(.vector_36)
 .vector_36     0x9d01f680        0x8 f:/mechatronics software/bin/bin/../../lib/gcc/pic32mx/4.8.3/../../../../pic32mx/lib\libpic32.a(vector36.o)
                0x9d01f680                __vector_dispatch_36
                0x00000001                ASSERT (((_vector_spacing == 0x0) || (SIZEOF (.vector_36) <= (_vector_spacing << 0x5))), function at exception vector 36 too large)

.vector_37      0x9d01f6a0        0x8
 *(.vector_37)
 .vector_37     0x9d01f6a0        0x8 build/pic32mx795_pim_e16_int_dyn/debug/_ext/1856320864/system_interrupt.o
                0x9d01f6a0                __vector_dispatch_37
                0x00000001                ASSERT (((_vector_spacing == 0x0) || (SIZEOF (.vector_37) <= (_vector_spacing << 0x5))), function at exception vector 37 too large)

.vector_38      0x9d01f6c0        0x8
 *(.vector_38)
 .vector_38     0x9d01f6c0        0x8 f:/mechatronics software/bin/bin/../../lib/gcc/pic32mx/4.8.3/../../../../pic32mx/lib\libpic32.a(vector38.o)
                0x9d01f6c0                __vector_dispatch_38
                0x00000001                ASSERT (((_vector_spacing == 0x0) || (SIZEOF (.vector_38) <= (_vector_spacing << 0x5))), function at exception vector 38 too large)

.vector_39      0x9d01f6e0        0x8
 *(.vector_39)
 .vector_39     0x9d01f6e0        0x8 f:/mechatronics software/bin/bin/../../lib/gcc/pic32mx/4.8.3/../../../../pic32mx/lib\libpic32.a(vector39.o)
                0x9d01f6e0                __vector_dispatch_39
                0x00000001                ASSERT (((_vector_spacing == 0x0) || (SIZEOF (.vector_39) <= (_vector_spacing << 0x5))), function at exception vector 39 too large)

.vector_40      0x9d01f700        0x8
 *(.vector_40)
 .vector_40     0x9d01f700        0x8 f:/mechatronics software/bin/bin/../../lib/gcc/pic32mx/4.8.3/../../../../pic32mx/lib\libpic32.a(vector40.o)
                0x9d01f700                __vector_dispatch_40
                0x00000001                ASSERT (((_vector_spacing == 0x0) || (SIZEOF (.vector_40) <= (_vector_spacing << 0x5))), function at exception vector 40 too large)

.vector_41      0x9d01f720        0x8
 *(.vector_41)
 .vector_41     0x9d01f720        0x8 f:/mechatronics software/bin/bin/../../lib/gcc/pic32mx/4.8.3/../../../../pic32mx/lib\libpic32.a(vector41.o)
                0x9d01f720                __vector_dispatch_41
                0x00000001                ASSERT (((_vector_spacing == 0x0) || (SIZEOF (.vector_41) <= (_vector_spacing << 0x5))), function at exception vector 41 too large)

.vector_42      0x9d01f740        0x8
 *(.vector_42)
 .vector_42     0x9d01f740        0x8 f:/mechatronics software/bin/bin/../../lib/gcc/pic32mx/4.8.3/../../../../pic32mx/lib\libpic32.a(vector42.o)
                0x9d01f740                __vector_dispatch_42
                0x00000001                ASSERT (((_vector_spacing == 0x0) || (SIZEOF (.vector_42) <= (_vector_spacing << 0x5))), function at exception vector 42 too large)

.vector_43      0x9d01f760        0x8
 *(.vector_43)
 .vector_43     0x9d01f760        0x8 f:/mechatronics software/bin/bin/../../lib/gcc/pic32mx/4.8.3/../../../../pic32mx/lib\libpic32.a(vector43.o)
                0x9d01f760                __vector_dispatch_43
                0x00000001                ASSERT (((_vector_spacing == 0x0) || (SIZEOF (.vector_43) <= (_vector_spacing << 0x5))), function at exception vector 43 too large)

.vector_44      0x9d01f780        0x0
 *(.vector_44)
                0x00000001                ASSERT (((_vector_spacing == 0x0) || (SIZEOF (.vector_44) <= (_vector_spacing << 0x5))), function at exception vector 44 too large)

.vector_45      0x9d01f7a0        0x0
 *(.vector_45)
                0x00000001                ASSERT (((_vector_spacing == 0x0) || (SIZEOF (.vector_45) <= (_vector_spacing << 0x5))), function at exception vector 45 too large)

.vector_46      0x9d01f7c0        0x0
 *(.vector_46)
                0x00000001                ASSERT (((_vector_spacing == 0x0) || (SIZEOF (.vector_46) <= (_vector_spacing << 0x5))), function at exception vector 46 too large)

.vector_47      0x9d01f7e0        0x0
 *(.vector_47)
                0x00000001                ASSERT (((_vector_spacing == 0x0) || (SIZEOF (.vector_47) <= (_vector_spacing << 0x5))), function at exception vector 47 too large)

.vector_48      0x9d01f800        0x0
 *(.vector_48)
                0x00000001                ASSERT (((_vector_spacing == 0x0) || (SIZEOF (.vector_48) <= (_vector_spacing << 0x5))), function at exception vector 48 too large)

.vector_49      0x9d01f820        0x0
 *(.vector_49)
                0x00000001                ASSERT (((_vector_spacing == 0x0) || (SIZEOF (.vector_49) <= (_vector_spacing << 0x5))), function at exception vector 49 too large)

.vector_50      0x9d01f840        0x0
 *(.vector_50)
                0x00000001                ASSERT (((_vector_spacing == 0x0) || (SIZEOF (.vector_50) <= (_vector_spacing << 0x5))), function at exception vector 50 too large)

.vector_51      0x9d01f860        0x0
 *(.vector_51)
                0x00000001                ASSERT (((_vector_spacing == 0x0) || (SIZEOF (.vector_51) <= (_vector_spacing << 0x5))), function at exception vector 51 too large)

.vector_52      0x9d01f880        0x0
 *(.vector_52)
                0x00000001                ASSERT (((_vector_spacing == 0x0) || (SIZEOF (.vector_52) <= (_vector_spacing << 0x5))), function at exception vector 52 too large)

.vector_53      0x9d01f8a0        0x0
 *(.vector_53)
                0x00000001                ASSERT (((_vector_spacing == 0x0) || (SIZEOF (.vector_53) <= (_vector_spacing << 0x5))), function at exception vector 53 too large)

.vector_54      0x9d01f8c0        0x0
 *(.vector_54)
                0x00000001                ASSERT (((_vector_spacing == 0x0) || (SIZEOF (.vector_54) <= (_vector_spacing << 0x5))), function at exception vector 54 too large)

.vector_55      0x9d01f8e0        0x0
 *(.vector_55)
                0x00000001                ASSERT (((_vector_spacing == 0x0) || (SIZEOF (.vector_55) <= (_vector_spacing << 0x5))), function at exception vector 55 too large)

.vector_56      0x9d01f900        0x0
 *(.vector_56)
                0x00000001                ASSERT (((_vector_spacing == 0x0) || (SIZEOF (.vector_56) <= (_vector_spacing << 0x5))), function at exception vector 56 too large)

.vector_57      0x9d01f920        0x0
 *(.vector_57)
                0x00000001                ASSERT (((_vector_spacing == 0x0) || (SIZEOF (.vector_57) <= (_vector_spacing << 0x5))), function at exception vector 57 too large)

.vector_58      0x9d01f940        0x0
 *(.vector_58)
                0x00000001                ASSERT (((_vector_spacing == 0x0) || (SIZEOF (.vector_58) <= (_vector_spacing << 0x5))), function at exception vector 58 too large)

.vector_59      0x9d01f960        0x0
 *(.vector_59)
                0x00000001                ASSERT (((_vector_spacing == 0x0) || (SIZEOF (.vector_59) <= (_vector_spacing << 0x5))), function at exception vector 59 too large)

.vector_60      0x9d01f980        0x0
 *(.vector_60)
                0x00000001                ASSERT (((_vector_spacing == 0x0) || (SIZEOF (.vector_60) <= (_vector_spacing << 0x5))), function at exception vector 60 too large)

.vector_61      0x9d01f9a0        0x0
 *(.vector_61)
                0x00000001                ASSERT (((_vector_spacing == 0x0) || (SIZEOF (.vector_61) <= (_vector_spacing << 0x5))), function at exception vector 61 too large)

.vector_62      0x9d01f9c0        0x0
 *(.vector_62)
                0x00000001                ASSERT (((_vector_spacing == 0x0) || (SIZEOF (.vector_62) <= (_vector_spacing << 0x5))), function at exception vector 62 too large)

.vector_63      0x9d01f9e0        0x0
 *(.vector_63)
                0x00000001                ASSERT (((_vector_spacing == 0x0) || (SIZEOF (.vector_63) <= (_vector_spacing << 0x5))), function at exception vector 63 too large)

.startup
 *(.startup)

.text           0x9d000000        0x0
 *(.stub .gnu.linkonce.t.*)
 *(.text.*personality*)
 *(.mips16.fn.*)
 *(.mips16.call.*)
 *(.gnu.warning)
                0x9d000000                . = ALIGN (0x4)

.init           0x9d000000        0x0
 *crti.o(.init)
 *crtbegin.o(.init)
 *(EXCLUDE_FILE(*crtn.o *crtend?.o *crtend.o) .init)
 *crtend.o(.init)
 *crtn.o(.init)
                0x9d000000                . = ALIGN (0x4)

.fini           0x9d000000        0x0
 *(.fini)
                0x9d000000                . = ALIGN (0x4)

.preinit_array  0x9d000000        0x0
                0x9d000000                PROVIDE (__preinit_array_start, .)
 *(.preinit_array)
                0x9d000000                PROVIDE (__preinit_array_end, .)
                0x9d000000                . = ALIGN (0x4)

.init_array     0x9d000000        0x0
                0x9d000000                PROVIDE (__init_array_start, .)
 *(SORT(.init_array.*))
 *(.init_array)
                0x9d000000                PROVIDE (__init_array_end, .)
                0x9d000000                . = ALIGN (0x4)

.fini_array     0x9d000000        0x0
                0x9d000000                PROVIDE (__fini_array_start, .)
 *(SORT(.fini_array.*))
 *(.fini_array)
                0x9d000000                PROVIDE (__fini_array_end, .)
                0x9d000000                . = ALIGN (0x4)

.ctors          0x9d000000        0x0
 *crtbegin.o(.ctors)
 *crtbegin?.o(.ctors)
 *(EXCLUDE_FILE(*crtend?.o *crtend.o) .ctors)
 *(SORT(.ctors.*))
 *(.ctors)
                0x9d000000                . = ALIGN (0x4)

.dtors          0x9d000000        0x0
 *crtbegin.o(.dtors)
 *crtbegin?.o(.dtors)
 *(EXCLUDE_FILE(*crtend?.o *crtend.o) .dtors)
 *(SORT(.dtors.*))
 *(.dtors)
                0x9d000000                . = ALIGN (0x4)

.rodata         0x9d000000        0x0
 *(.gnu.linkonce.r.*)
 *(.rodata1)
                0x9d000000                . = ALIGN (0x4)

.sdata2         0x9fc00490        0x0
 *(.sdata2 .sdata2.* .gnu.linkonce.s2.*)
                0x9fc00490                . = ALIGN (0x4)

.sbss2          0x9fc00490        0x0
 *(.sbss2 .sbss2.* .gnu.linkonce.sb2.*)
                0x9fc00490                . = ALIGN (0x4)

.eh_frame_hdr
 *(.eh_frame_hdr)
                0x9fc00490                . = ALIGN (0x4)

.eh_frame
 *(.eh_frame)
                0x9fc00490                . = ALIGN (0x4)

.gcc_except_table
 *(.gcc_except_table .gcc_except_table.*)
                0x9fc00490                . = ALIGN (0x4)

.dbg_data       0xa0000000      0x200
                0xa0000000                . = (. + DEFINED (_DEBUGGER)?0x200:0x0)
 *fill*         0xa0000000      0x200 

.jcr            0xa0000200        0x0
 *(.jcr)
                0xa0000200                . = ALIGN (0x4)

.eh_frame
 *(.eh_frame)
                0xa0000200                . = ALIGN (0x4)

.gcc_except_table
 *(.gcc_except_table .gcc_except_table.*)
                0xa0000200                . = ALIGN (0x4)

.persist        0xa0000200        0x0
                0xa0000200                _persist_begin = .
 *(.persist .persist.*)
 *(.pbss .pbss.*)
                0xa0000200                . = ALIGN (0x4)
                0xa0000200                _persist_end = .

.data           0xa0000200        0x0
 *(.gnu.linkonce.d.*)
 *(.data1)
                0xa0000200                . = ALIGN (0x4)
                0xa0000200                . = .
                0xa00081f0                _gp = (ALIGN (0x10) + 0x7ff0)

.got            0xa0000200        0x0
 *(.got.plt)
 *(.got)
                0xa0000200                . = ALIGN (0x4)

.sdata          0xa0000200        0x4
                0xa0000200                _sdata_begin = .
 *(.sdata .sdata.* .gnu.linkonce.s.*)
 .sdata         0xa0000200        0x4 f:/mechatronics software/bin/bin/../../lib/gcc/pic32mx/4.8.3/../../../../pic32mx/lib\libpic32.a(xc32_uart.o)
                0xa0000200                __XC_UART
                0xa0000204                . = ALIGN (0x4)
                0xa0000204                _sdata_end = .

.lit8
 *(.lit8)

.lit4
 *(.lit4)
                0xa0000204                . = ALIGN (0x4)
                0xa0000204                _data_end = .
                0xa0000204                _bss_begin = .

.sbss           0xa0000204       0x30
                0xa0000204                _sbss_begin = .
 *(.dynsbss)
 *(.sbss .sbss.* .gnu.linkonce.sb.*)
 .sbss          0xa0000204        0xc build/pic32mx795_pim_e16_int_dyn/debug/_ext/1856320864/system_exceptions.o
 *(.scommon)
 .scommon       0xa0000210       0x14 build/pic32mx795_pim_e16_int_dyn/debug/_ext/1360937237/app.o
                0xa0000210                txFlag
                0xa0000214                pos
                0xa0000218                ii
                0xa000021c                uartReceivedData
                0xa0000220                qq
 .scommon       0xa0000224        0x3 build/pic32mx795_pim_e16_int_dyn/debug/_ext/1927798604/drv_usart.o
                0xa0000224                gDrvUSARTCommonDataObj
 *fill*         0xa0000227        0x1 
 .scommon       0xa0000228        0x8 build/pic32mx795_pim_e16_int_dyn/debug/_ext/912498863/sys_devcon.o
                0xa0000228                sysDevconObj
 .scommon       0xa0000230        0x2 build/pic32mx795_pim_e16_int_dyn/debug/_ext/692885480/usb_device_cdc.o
                0xa0000230                gUSBDeviceCdcCommonDataObj
                0xa0000232                _sbss_end = .
                0xa0000234                . = ALIGN (0x4)
 *fill*         0xa0000232        0x2 

.bss            0xa0000400      0x3d8
 *(.dynbss)
 *(COMMON)
 COMMON         0xa0000400       0x70 build/pic32mx795_pim_e16_int_dyn/debug/_ext/1856320864/system_init.o
                0xa0000400                endPointTable
                0xa0000460                sysObj
 COMMON         0xa0000470      0x14c build/pic32mx795_pim_e16_int_dyn/debug/_ext/1360937237/app.o
                0xa0000470                readBuffer
                0xa00004b0                rx
                0xa0000514                appData
                0xa0000558                tx
 COMMON         0xa00005bc       0xa8 build/pic32mx795_pim_e16_int_dyn/debug/_ext/1927798604/drv_usart.o
                0xa00005bc                gDrvUSARTClientObj
                0xa0000604                gDrvUSARTObj
 COMMON         0xa0000664       0xc8 build/pic32mx795_pim_e16_int_dyn/debug/_ext/1585079243/drv_usbfs.o
                0xa0000664                gDrvUSBGroup
 COMMON         0xa000072c       0xac build/pic32mx795_pim_e16_int_dyn/debug/_ext/692885480/usb_device_cdc.o
                0xa000072c                gUSBDeviceCDCIRP
                0xa0000798                gUSBDeviceCDCInstance
                0xa00007d8                . = ALIGN ((. != 0x0)?0x4:0x1)
                0xa00007d8                . = ALIGN (0x4)
                0xa00007d8                _end = .
                0xa00007d8                _bss_end = .
                0x00008000                _bmxdudba_address = 0x8000
                0x00008000                _bmxdupba_address = 0x8000

/DISCARD/
 *(.pdr)
 *(.rel.dyn)
 *(.note.GNU-stack)
 *(.note.GNU-stack)
 *(.gnu_debuglink)
 *(.gnu.lto_*)
 *(.discard)

.gptab.sdata
 *(.gptab.data)
 *(.gptab.sdata)

.gptab.sbss
 *(.gptab.bss)
 *(.gptab.sbss)

.mdebug.abi32   0xa00007d8        0x0
 *(.mdebug.abi32)
 .mdebug.abi32  0xa00007d8        0x0 f:/mechatronics software/bin/bin/../../lib/gcc/pic32mx/4.8.3/../../../../pic32mx/lib\software-debug-break.o
 .mdebug.abi32  0xa00007d8        0x0 build/pic32mx795_pim_e16_int_dyn/debug/_ext/1252289623/sys_clk_static.o
 .mdebug.abi32  0xa00007d8        0x0 build/pic32mx795_pim_e16_int_dyn/debug/_ext/633097401/sys_ports_static.o
 .mdebug.abi32  0xa00007d8        0x0 build/pic32mx795_pim_e16_int_dyn/debug/_ext/1856320864/system_init.o
 .mdebug.abi32  0xa00007d8        0x0 build/pic32mx795_pim_e16_int_dyn/debug/_ext/1856320864/system_interrupt.o
 .mdebug.abi32  0xa00007d8        0x0 build/pic32mx795_pim_e16_int_dyn/debug/_ext/1856320864/system_exceptions.o
 .mdebug.abi32  0xa00007d8        0x0 build/pic32mx795_pim_e16_int_dyn/debug/_ext/1856320864/system_tasks.o
 .mdebug.abi32  0xa00007d8        0x0 build/pic32mx795_pim_e16_int_dyn/debug/_ext/1360937237/app.o
 .mdebug.abi32  0xa00007d8        0x0 build/pic32mx795_pim_e16_int_dyn/debug/_ext/1360937237/main.o
 .mdebug.abi32  0xa00007d8        0x0 build/pic32mx795_pim_e16_int_dyn/debug/_ext/819416189/bsp_sys_init.o
 .mdebug.abi32  0xa00007d8        0x0 build/pic32mx795_pim_e16_int_dyn/debug/_ext/1927798604/drv_usart.o
 .mdebug.abi32  0xa00007d8        0x0 build/pic32mx795_pim_e16_int_dyn/debug/_ext/1927798604/drv_usart_read_write.o
 .mdebug.abi32  0xa00007d8        0x0 build/pic32mx795_pim_e16_int_dyn/debug/_ext/1585079243/drv_usbfs.o
 .mdebug.abi32  0xa00007d8        0x0 build/pic32mx795_pim_e16_int_dyn/debug/_ext/1585079243/drv_usbfs_device.o
 .mdebug.abi32  0xa00007d8        0x0 build/pic32mx795_pim_e16_int_dyn/debug/_ext/912498863/sys_devcon.o
 .mdebug.abi32  0xa00007d8        0x0 build/pic32mx795_pim_e16_int_dyn/debug/_ext/912498863/sys_devcon_pic32mx.o
 .mdebug.abi32  0xa00007d8        0x0 build/pic32mx795_pim_e16_int_dyn/debug/_ext/711155467/sys_int_pic32.o
 .mdebug.abi32  0xa00007d8        0x0 build/pic32mx795_pim_e16_int_dyn/debug/_ext/1653354328/sys_ports.o
 .mdebug.abi32  0xa00007d8        0x0 build/pic32mx795_pim_e16_int_dyn/debug/_ext/692885480/usb_device.o
 .mdebug.abi32  0xa00007d8        0x0 build/pic32mx795_pim_e16_int_dyn/debug/_ext/692885480/usb_device_cdc.o
 .mdebug.abi32  0xa00007d8        0x0 build/pic32mx795_pim_e16_int_dyn/debug/_ext/692885480/usb_device_cdc_acm.o
 .mdebug.abi32  0xa00007d8        0x0 f:/mechatronics software/bin/bin/../../lib/gcc/pic32mx/4.8.3/../../../../pic32mx/lib\libpic32.a(default-bootstrap-exception-handler.o)
 .mdebug.abi32  0xa00007d8        0x0 f:/mechatronics software/bin/bin/../../lib/gcc/pic32mx/4.8.3/../../../../pic32mx/lib\libpic32.a(default-on-reset.o)
 .mdebug.abi32  0xa00007d8        0x0 f:/mechatronics software/bin/bin/../../lib/gcc/pic32mx/4.8.3/../../../../pic32mx/lib\libpic32.a(default-on-bootstrap.o)
 .mdebug.abi32  0xa00007d8        0x0 f:/mechatronics software/bin/bin/../../lib/gcc/pic32mx/4.8.3/../../../../pic32mx/lib\libpic32.a(defaultinterrupt.o)
 .mdebug.abi32  0xa00007d8        0x0 f:/mechatronics software/bin/bin/../../lib/gcc/pic32mx/4.8.3/../../../../pic32mx/lib\libc.a(sprintf_cdnopuxX.eo)
 .mdebug.abi32  0xa00007d8        0x0 f:/mechatronics software/bin/bin/../../lib/gcc/pic32mx/4.8.3/../../../../pic32mx/lib\libc.a(sscanf_cdnopuxX.eo)
 .mdebug.abi32  0xa00007d8        0x0 f:/mechatronics software/bin/bin/../../lib/gcc/pic32mx/4.8.3/../../../../pic32mx/lib\libc.a(doprnt_cdnopuxX.eo)
 .mdebug.abi32  0xa00007d8        0x0 f:/mechatronics software/bin/bin/../../lib/gcc/pic32mx/4.8.3/../../../../pic32mx/lib\libc.a(doscan_cdnopuxX.eo)
 .mdebug.abi32  0xa00007d8        0x0 f:/mechatronics software/bin/bin/../../lib/gcc/pic32mx/4.8.3/../../../../pic32mx/lib\libc.a(fgetc.o)
 .mdebug.abi32  0xa00007d8        0x0 f:/mechatronics software/bin/bin/../../lib/gcc/pic32mx/4.8.3/../../../../pic32mx/lib\libc.a(_fputc_simple.o)
 .mdebug.abi32  0xa00007d8        0x0 f:/mechatronics software/bin/bin/../../lib/gcc/pic32mx/4.8.3/../../../../pic32mx/lib\libc.a(atoi.o)
 .mdebug.abi32  0xa00007d8        0x0 f:/mechatronics software/bin/bin/../../lib/gcc/pic32mx/4.8.3/../../../../pic32mx/lib\libc.a(ctype.o)
 .mdebug.abi32  0xa00007d8        0x0 f:/mechatronics software/bin/bin/../../lib/gcc/pic32mx/4.8.3/../../../../pic32mx/lib\libc.a(ctypef.o)
 .mdebug.abi32  0xa00007d8        0x0 f:/mechatronics software/bin/bin/../../lib/gcc/pic32mx/4.8.3/../../../../pic32mx/lib\libc.a(ungetc.o)
 .mdebug.abi32  0xa00007d8        0x0 f:/mechatronics software/bin/bin/../../lib/gcc/pic32mx/4.8.3/../../../../pic32mx/lib\libc.a(_iob.o)
 .mdebug.abi32  0xa00007d8        0x0 f:/mechatronics software/bin/bin/../../lib/gcc/pic32mx/4.8.3/../../../../pic32mx/lib\libc.a(filbuf.o)
 .mdebug.abi32  0xa00007d8        0x0 f:/mechatronics software/bin/bin/../../lib/gcc/pic32mx/4.8.3/../../../../pic32mx/lib\libc.a(_flsbuf_simple.o)
 .mdebug.abi32  0xa00007d8        0x0 f:/mechatronics software/bin/bin/../../lib/gcc/pic32mx/4.8.3/../../../../pic32mx/lib\libc.a(fflush.o)
 .mdebug.abi32  0xa00007d8        0x0 f:/mechatronics software/bin/bin/../../lib/gcc/pic32mx/4.8.3/../../../../pic32mx/lib\libpic32.a(read.o)
 .mdebug.abi32  0xa00007d8        0x0 f:/mechatronics software/bin/bin/../../lib/gcc/pic32mx/4.8.3/../../../../pic32mx/lib\libpic32.a(write.o)
 .mdebug.abi32  0xa00007d8        0x0 f:/mechatronics software/bin/bin/../../lib/gcc/pic32mx/4.8.3/../../../../pic32mx/lib\libpic32.a(xc32_uart.o)
 .mdebug.abi32  0xa00007d8        0x0 f:/mechatronics software/bin/bin/../../lib/gcc/pic32mx/4.8.3/../../../../pic32mx/lib\libpic32.a(_mon_putc.o)
 .mdebug.abi32  0xa00007d8        0x0 f:/mechatronics software/bin/bin/../../lib/gcc/pic32mx/4.8.3\libgcc.a(_udivdi3.o)
 .mdebug.abi32  0xa00007d8        0x0 f:/mechatronics software/bin/bin/../../lib/gcc/pic32mx/4.8.3\libgcc.a(_umoddi3.o)

.mdebug.abiN32
 *(.mdebug.abiN32)

.mdebug.abi64
 *(.mdebug.abi64)

.mdebug.abiO64
 *(.mdebug.abiO64)

.mdebug.eabi32
 *(.mdebug.eabi32)

.mdebug.eabi64
 *(.mdebug.eabi64)

.gcc_compiled_long32
 *(.gcc_compiled_long32)

.gcc_compiled_long64
 *(.gcc_compiled_long64)

.stab
 *(.stab)

.stabstr
 *(.stabstr)

.stab.excl
 *(.stab.excl)

.stab.exclstr
 *(.stab.exclstr)

.stab.index
 *(.stab.index)

.stab.indexstr
 *(.stab.indexstr)

.comment        0x00000000       0xf2
 *(.comment)
 .comment       0x00000000       0x3c f:/mechatronics software/bin/bin/../../lib/gcc/pic32mx/4.8.3/../../../../pic32mx/lib\software-debug-break.o
                                 0x3d (size before relaxing)
 .comment       0x00000000       0x3d build/pic32mx795_pim_e16_int_dyn/debug/_ext/1252289623/sys_clk_static.o
 .comment       0x00000000       0x3d build/pic32mx795_pim_e16_int_dyn/debug/_ext/633097401/sys_ports_static.o
 .comment       0x00000000       0x3d build/pic32mx795_pim_e16_int_dyn/debug/_ext/1856320864/system_init.o
 .comment       0x00000000       0x3d build/pic32mx795_pim_e16_int_dyn/debug/_ext/1856320864/system_interrupt.o
 .comment       0x00000000       0x3d build/pic32mx795_pim_e16_int_dyn/debug/_ext/1856320864/system_exceptions.o
 .comment       0x00000000       0x3d build/pic32mx795_pim_e16_int_dyn/debug/_ext/1856320864/system_tasks.o
 .comment       0x00000000       0x3d build/pic32mx795_pim_e16_int_dyn/debug/_ext/1360937237/app.o
 .comment       0x00000000       0x3d build/pic32mx795_pim_e16_int_dyn/debug/_ext/1360937237/main.o
 .comment       0x00000000       0x3d build/pic32mx795_pim_e16_int_dyn/debug/_ext/819416189/bsp_sys_init.o
 .comment       0x00000000       0x3d build/pic32mx795_pim_e16_int_dyn/debug/_ext/1927798604/drv_usart.o
 .comment       0x00000000       0x3d build/pic32mx795_pim_e16_int_dyn/debug/_ext/1927798604/drv_usart_read_write.o
 .comment       0x00000000       0x3d build/pic32mx795_pim_e16_int_dyn/debug/_ext/1585079243/drv_usbfs.o
 .comment       0x00000000       0x3d build/pic32mx795_pim_e16_int_dyn/debug/_ext/1585079243/drv_usbfs_device.o
 .comment       0x00000000       0x3d build/pic32mx795_pim_e16_int_dyn/debug/_ext/912498863/sys_devcon.o
 .comment       0x00000000       0x3d build/pic32mx795_pim_e16_int_dyn/debug/_ext/912498863/sys_devcon_pic32mx.o
 .comment       0x00000000       0x3d build/pic32mx795_pim_e16_int_dyn/debug/_ext/711155467/sys_int_pic32.o
 .comment       0x00000000       0x3d build/pic32mx795_pim_e16_int_dyn/debug/_ext/1653354328/sys_ports.o
 .comment       0x00000000       0x3d build/pic32mx795_pim_e16_int_dyn/debug/_ext/692885480/usb_device.o
 .comment       0x00000000       0x3d build/pic32mx795_pim_e16_int_dyn/debug/_ext/692885480/usb_device_cdc.o
 .comment       0x00000000       0x3d build/pic32mx795_pim_e16_int_dyn/debug/_ext/692885480/usb_device_cdc_acm.o
 .comment       0x00000000       0x3d f:/mechatronics software/bin/bin/../../lib/gcc/pic32mx/4.8.3/../../../../pic32mx/lib\libpic32.a(default-bootstrap-exception-handler.o)
 .comment       0x00000000       0x3d f:/mechatronics software/bin/bin/../../lib/gcc/pic32mx/4.8.3/../../../../pic32mx/lib\libpic32.a(default-on-reset.o)
 .comment       0x00000000       0x3d f:/mechatronics software/bin/bin/../../lib/gcc/pic32mx/4.8.3/../../../../pic32mx/lib\libpic32.a(default-on-bootstrap.o)
 .comment       0x00000000       0x3d f:/mechatronics software/bin/bin/../../lib/gcc/pic32mx/4.8.3/../../../../pic32mx/lib\libpic32.a(defaultinterrupt.o)
 .comment       0x00000000       0x3d f:/mechatronics software/bin/bin/../../lib/gcc/pic32mx/4.8.3/../../../../pic32mx/lib\libc.a(sprintf_cdnopuxX.eo)
 .comment       0x00000000       0x3d f:/mechatronics software/bin/bin/../../lib/gcc/pic32mx/4.8.3/../../../../pic32mx/lib\libc.a(sscanf_cdnopuxX.eo)
 .comment       0x00000000       0x3d f:/mechatronics software/bin/bin/../../lib/gcc/pic32mx/4.8.3/../../../../pic32mx/lib\libc.a(doprnt_cdnopuxX.eo)
 .comment       0x00000000       0x3d f:/mechatronics software/bin/bin/../../lib/gcc/pic32mx/4.8.3/../../../../pic32mx/lib\libc.a(doscan_cdnopuxX.eo)
 .comment       0x00000000       0x3d f:/mechatronics software/bin/bin/../../lib/gcc/pic32mx/4.8.3/../../../../pic32mx/lib\libc.a(fgetc.o)
 .comment       0x00000000       0x3d f:/mechatronics software/bin/bin/../../lib/gcc/pic32mx/4.8.3/../../../../pic32mx/lib\libc.a(_fputc_simple.o)
 .comment       0x00000000       0x3d f:/mechatronics software/bin/bin/../../lib/gcc/pic32mx/4.8.3/../../../../pic32mx/lib\libc.a(atoi.o)
 .comment       0x0000003c       0x4e f:/mechatronics software/bin/bin/../../lib/gcc/pic32mx/4.8.3/../../../../pic32mx/lib\libc.a(ctype.o)
                                 0x8b (size before relaxing)
 .comment       0x0000008a       0x4f f:/mechatronics software/bin/bin/../../lib/gcc/pic32mx/4.8.3/../../../../pic32mx/lib\libc.a(ctypef.o)
                                 0x8c (size before relaxing)
 .comment       0x00000000       0x3d f:/mechatronics software/bin/bin/../../lib/gcc/pic32mx/4.8.3/../../../../pic32mx/lib\libc.a(ungetc.o)
 .comment       0x00000000       0x3d f:/mechatronics software/bin/bin/../../lib/gcc/pic32mx/4.8.3/../../../../pic32mx/lib\libc.a(_iob.o)
 .comment       0x00000000       0x3d f:/mechatronics software/bin/bin/../../lib/gcc/pic32mx/4.8.3/../../../../pic32mx/lib\libc.a(filbuf.o)
 .comment       0x00000000       0x3d f:/mechatronics software/bin/bin/../../lib/gcc/pic32mx/4.8.3/../../../../pic32mx/lib\libc.a(_flsbuf_simple.o)
 .comment       0x00000000       0x3d f:/mechatronics software/bin/bin/../../lib/gcc/pic32mx/4.8.3/../../../../pic32mx/lib\libc.a(fflush.o)
 .comment       0x000000d9       0x19 f:/mechatronics software/bin/bin/../../lib/gcc/pic32mx/4.8.3/../../../../pic32mx/lib\libpic32.a(strlen.o)
                                 0x1a (size before relaxing)
 .comment       0x00000000       0x3d f:/mechatronics software/bin/bin/../../lib/gcc/pic32mx/4.8.3/../../../../pic32mx/lib\libpic32.a(read.o)
 .comment       0x00000000       0x3d f:/mechatronics software/bin/bin/../../lib/gcc/pic32mx/4.8.3/../../../../pic32mx/lib\libpic32.a(write.o)
 .comment       0x00000000       0x3d f:/mechatronics software/bin/bin/../../lib/gcc/pic32mx/4.8.3/../../../../pic32mx/lib\libpic32.a(xc32_uart.o)
 .comment       0x00000000       0x3d f:/mechatronics software/bin/bin/../../lib/gcc/pic32mx/4.8.3/../../../../pic32mx/lib\libpic32.a(_mon_putc.o)
 .comment       0x00000000       0x3d f:/mechatronics software/bin/bin/../../lib/gcc/pic32mx/4.8.3\libgcc.a(_udivdi3.o)
 .comment       0x00000000       0x3d f:/mechatronics software/bin/bin/../../lib/gcc/pic32mx/4.8.3\libgcc.a(_umoddi3.o)

.debug
 *(.debug)

.line
 *(.line)

.debug_srcinfo
 *(.debug_srcinfo)

.debug_sfnames
 *(.debug_sfnames)

.debug_aranges  0x00000000      0xb10
 *(.debug_aranges)
 .debug_aranges
                0x00000000       0x20 f:/mechatronics software/bin/bin/../../lib/gcc/pic32mx/4.8.3/../../../../pic32mx/lib\software-debug-break.o
 .debug_aranges
                0x00000020       0x50 build/pic32mx795_pim_e16_int_dyn/debug/_ext/1252289623/sys_clk_static.o
 .debug_aranges
                0x00000070       0x20 build/pic32mx795_pim_e16_int_dyn/debug/_ext/633097401/sys_ports_static.o
 .debug_aranges
                0x00000090       0x20 build/pic32mx795_pim_e16_int_dyn/debug/_ext/1856320864/system_init.o
 .debug_aranges
                0x000000b0       0x28 build/pic32mx795_pim_e16_int_dyn/debug/_ext/1856320864/system_interrupt.o
 .debug_aranges
                0x000000d8       0x20 build/pic32mx795_pim_e16_int_dyn/debug/_ext/1856320864/system_exceptions.o
 .debug_aranges
                0x000000f8       0x20 build/pic32mx795_pim_e16_int_dyn/debug/_ext/1856320864/system_tasks.o
 .debug_aranges
                0x00000118       0x40 build/pic32mx795_pim_e16_int_dyn/debug/_ext/1360937237/app.o
 .debug_aranges
                0x00000158       0x20 build/pic32mx795_pim_e16_int_dyn/debug/_ext/1360937237/main.o
 .debug_aranges
                0x00000178       0x68 build/pic32mx795_pim_e16_int_dyn/debug/_ext/819416189/bsp_sys_init.o
 .debug_aranges
                0x000001e0       0xd8 build/pic32mx795_pim_e16_int_dyn/debug/_ext/1927798604/drv_usart.o
 .debug_aranges
                0x000002b8       0x28 build/pic32mx795_pim_e16_int_dyn/debug/_ext/1927798604/drv_usart_read_write.o
 .debug_aranges
                0x000002e0       0x70 build/pic32mx795_pim_e16_int_dyn/debug/_ext/1585079243/drv_usbfs.o
 .debug_aranges
                0x00000350       0xb8 build/pic32mx795_pim_e16_int_dyn/debug/_ext/1585079243/drv_usbfs_device.o
 .debug_aranges
                0x00000408       0x78 build/pic32mx795_pim_e16_int_dyn/debug/_ext/912498863/sys_devcon.o
 .debug_aranges
                0x00000480       0x20 build/pic32mx795_pim_e16_int_dyn/debug/_ext/912498863/sys_devcon_pic32mx.o
 .debug_aranges
                0x000004a0       0x48 build/pic32mx795_pim_e16_int_dyn/debug/_ext/711155467/sys_int_pic32.o
 .debug_aranges
                0x000004e8      0x100 build/pic32mx795_pim_e16_int_dyn/debug/_ext/1653354328/sys_ports.o
 .debug_aranges
                0x000005e8      0x150 build/pic32mx795_pim_e16_int_dyn/debug/_ext/692885480/usb_device.o
 .debug_aranges
                0x00000738       0x88 build/pic32mx795_pim_e16_int_dyn/debug/_ext/692885480/usb_device_cdc.o
 .debug_aranges
                0x000007c0       0x20 build/pic32mx795_pim_e16_int_dyn/debug/_ext/692885480/usb_device_cdc_acm.o
 .debug_aranges
                0x000007e0       0x20 f:/mechatronics software/bin/bin/../../lib/gcc/pic32mx/4.8.3/../../../../pic32mx/lib\libpic32.a(default-bootstrap-exception-handler.o)
 .debug_aranges
                0x00000800       0x20 f:/mechatronics software/bin/bin/../../lib/gcc/pic32mx/4.8.3/../../../../pic32mx/lib\libpic32.a(default-on-reset.o)
 .debug_aranges
                0x00000820       0x20 f:/mechatronics software/bin/bin/../../lib/gcc/pic32mx/4.8.3/../../../../pic32mx/lib\libpic32.a(default-on-bootstrap.o)
 .debug_aranges
                0x00000840       0x20 f:/mechatronics software/bin/bin/../../lib/gcc/pic32mx/4.8.3/../../../../pic32mx/lib\libpic32.a(defaultinterrupt.o)
 .debug_aranges
                0x00000860       0x20 f:/mechatronics software/bin/bin/../../lib/gcc/pic32mx/4.8.3/../../../../pic32mx/lib\libc.a(sprintf_cdnopuxX.eo)
 .debug_aranges
                0x00000880       0x20 f:/mechatronics software/bin/bin/../../lib/gcc/pic32mx/4.8.3/../../../../pic32mx/lib\libc.a(sscanf_cdnopuxX.eo)
 .debug_aranges
                0x000008a0       0x20 f:/mechatronics software/bin/bin/../../lib/gcc/pic32mx/4.8.3/../../../../pic32mx/lib\libc.a(doprnt_cdnopuxX.eo)
 .debug_aranges
                0x000008c0       0x30 f:/mechatronics software/bin/bin/../../lib/gcc/pic32mx/4.8.3/../../../../pic32mx/lib\libc.a(doscan_cdnopuxX.eo)
 .debug_aranges
                0x000008f0       0x20 f:/mechatronics software/bin/bin/../../lib/gcc/pic32mx/4.8.3/../../../../pic32mx/lib\libc.a(fgetc.o)
 .debug_aranges
                0x00000910       0x20 f:/mechatronics software/bin/bin/../../lib/gcc/pic32mx/4.8.3/../../../../pic32mx/lib\libc.a(_fputc_simple.o)
 .debug_aranges
                0x00000930       0x20 f:/mechatronics software/bin/bin/../../lib/gcc/pic32mx/4.8.3/../../../../pic32mx/lib\libc.a(atoi.o)
 .debug_aranges
                0x00000950       0xa0 f:/mechatronics software/bin/bin/../../lib/gcc/pic32mx/4.8.3/../../../../pic32mx/lib\libc.a(ctypef.o)
 .debug_aranges
                0x000009f0       0x20 f:/mechatronics software/bin/bin/../../lib/gcc/pic32mx/4.8.3/../../../../pic32mx/lib\libc.a(ungetc.o)
 .debug_aranges
                0x00000a10       0x20 f:/mechatronics software/bin/bin/../../lib/gcc/pic32mx/4.8.3/../../../../pic32mx/lib\libc.a(filbuf.o)
 .debug_aranges
                0x00000a30       0x20 f:/mechatronics software/bin/bin/../../lib/gcc/pic32mx/4.8.3/../../../../pic32mx/lib\libc.a(_flsbuf_simple.o)
 .debug_aranges
                0x00000a50       0x20 f:/mechatronics software/bin/bin/../../lib/gcc/pic32mx/4.8.3/../../../../pic32mx/lib\libc.a(fflush.o)
 .debug_aranges
                0x00000a70       0x20 f:/mechatronics software/bin/bin/../../lib/gcc/pic32mx/4.8.3/../../../../pic32mx/lib\libpic32.a(read.o)
 .debug_aranges
                0x00000a90       0x20 f:/mechatronics software/bin/bin/../../lib/gcc/pic32mx/4.8.3/../../../../pic32mx/lib\libpic32.a(write.o)
 .debug_aranges
                0x00000ab0       0x20 f:/mechatronics software/bin/bin/../../lib/gcc/pic32mx/4.8.3/../../../../pic32mx/lib\libpic32.a(_mon_putc.o)
 .debug_aranges
                0x00000ad0       0x20 f:/mechatronics software/bin/bin/../../lib/gcc/pic32mx/4.8.3\libgcc.a(_udivdi3.o)
 .debug_aranges
                0x00000af0       0x20 f:/mechatronics software/bin/bin/../../lib/gcc/pic32mx/4.8.3\libgcc.a(_umoddi3.o)

.debug_pubnames
 *(.debug_pubnames)

.debug_info     0x00000000    0x3765b
 *(.debug_info .gnu.linkonce.wi.*)
 .debug_info    0x00000000       0xd3 f:/mechatronics software/bin/bin/../../lib/gcc/pic32mx/4.8.3/../../../../pic32mx/lib\software-debug-break.o
 .debug_info    0x000000d3     0x18f1 build/pic32mx795_pim_e16_int_dyn/debug/_ext/1252289623/sys_clk_static.o
 .debug_info    0x000019c4      0x660 build/pic32mx795_pim_e16_int_dyn/debug/_ext/633097401/sys_ports_static.o
 .debug_info    0x00002024     0x56cf build/pic32mx795_pim_e16_int_dyn/debug/_ext/1856320864/system_init.o
 .debug_info    0x000076f3      0xd7c build/pic32mx795_pim_e16_int_dyn/debug/_ext/1856320864/system_interrupt.o
 .debug_info    0x0000846f     0x153a build/pic32mx795_pim_e16_int_dyn/debug/_ext/1856320864/system_exceptions.o
 .debug_info    0x000099a9      0xd13 build/pic32mx795_pim_e16_int_dyn/debug/_ext/1856320864/system_tasks.o
 .debug_info    0x0000a6bc     0x3fb9 build/pic32mx795_pim_e16_int_dyn/debug/_ext/1360937237/app.o
 .debug_info    0x0000e675      0x1cb build/pic32mx795_pim_e16_int_dyn/debug/_ext/1360937237/main.o
 .debug_info    0x0000e840      0xfd3 build/pic32mx795_pim_e16_int_dyn/debug/_ext/819416189/bsp_sys_init.o
 .debug_info    0x0000f813     0x63a6 build/pic32mx795_pim_e16_int_dyn/debug/_ext/1927798604/drv_usart.o
 .debug_info    0x00015bb9     0x2a99 build/pic32mx795_pim_e16_int_dyn/debug/_ext/1927798604/drv_usart_read_write.o
 .debug_info    0x00018652     0x3b3b build/pic32mx795_pim_e16_int_dyn/debug/_ext/1585079243/drv_usbfs.o
 .debug_info    0x0001c18d     0x6885 build/pic32mx795_pim_e16_int_dyn/debug/_ext/1585079243/drv_usbfs_device.o
 .debug_info    0x00022a12     0x149b build/pic32mx795_pim_e16_int_dyn/debug/_ext/912498863/sys_devcon.o
 .debug_info    0x00023ead      0xb6f build/pic32mx795_pim_e16_int_dyn/debug/_ext/912498863/sys_devcon_pic32mx.o
 .debug_info    0x00024a1c     0x16bb build/pic32mx795_pim_e16_int_dyn/debug/_ext/711155467/sys_int_pic32.o
 .debug_info    0x000260d7     0x38a8 build/pic32mx795_pim_e16_int_dyn/debug/_ext/1653354328/sys_ports.o
 .debug_info    0x0002997f     0x5735 build/pic32mx795_pim_e16_int_dyn/debug/_ext/692885480/usb_device.o
 .debug_info    0x0002f0b4     0x508a build/pic32mx795_pim_e16_int_dyn/debug/_ext/692885480/usb_device_cdc.o
 .debug_info    0x0003413e     0x16a9 build/pic32mx795_pim_e16_int_dyn/debug/_ext/692885480/usb_device_cdc_acm.o
 .debug_info    0x000357e7       0xe3 f:/mechatronics software/bin/bin/../../lib/gcc/pic32mx/4.8.3/../../../../pic32mx/lib\libpic32.a(default-bootstrap-exception-handler.o)
 .debug_info    0x000358ca       0xbd f:/mechatronics software/bin/bin/../../lib/gcc/pic32mx/4.8.3/../../../../pic32mx/lib\libpic32.a(default-on-reset.o)
 .debug_info    0x00035987       0xc5 f:/mechatronics software/bin/bin/../../lib/gcc/pic32mx/4.8.3/../../../../pic32mx/lib\libpic32.a(default-on-bootstrap.o)
 .debug_info    0x00035a4c       0xd7 f:/mechatronics software/bin/bin/../../lib/gcc/pic32mx/4.8.3/../../../../pic32mx/lib\libpic32.a(defaultinterrupt.o)
 .debug_info    0x00035b23       0xc2 f:/mechatronics software/bin/bin/../../lib/gcc/pic32mx/4.8.3/../../../../pic32mx/lib\libc.a(sprintf_cdnopuxX.eo)
 .debug_info    0x00035be5       0xc0 f:/mechatronics software/bin/bin/../../lib/gcc/pic32mx/4.8.3/../../../../pic32mx/lib\libc.a(sscanf_cdnopuxX.eo)
 .debug_info    0x00035ca5       0xc3 f:/mechatronics software/bin/bin/../../lib/gcc/pic32mx/4.8.3/../../../../pic32mx/lib\libc.a(doprnt_cdnopuxX.eo)
 .debug_info    0x00035d68       0xea f:/mechatronics software/bin/bin/../../lib/gcc/pic32mx/4.8.3/../../../../pic32mx/lib\libc.a(doscan_cdnopuxX.eo)
 .debug_info    0x00035e52       0xb4 f:/mechatronics software/bin/bin/../../lib/gcc/pic32mx/4.8.3/../../../../pic32mx/lib\libc.a(fgetc.o)
 .debug_info    0x00035f06       0xb4 f:/mechatronics software/bin/bin/../../lib/gcc/pic32mx/4.8.3/../../../../pic32mx/lib\libc.a(_fputc_simple.o)
 .debug_info    0x00035fba       0xb2 f:/mechatronics software/bin/bin/../../lib/gcc/pic32mx/4.8.3/../../../../pic32mx/lib\libc.a(atoi.o)
 .debug_info    0x0003606c      0x22a f:/mechatronics software/bin/bin/../../lib/gcc/pic32mx/4.8.3/../../../../pic32mx/lib\libc.a(ctypef.o)
 .debug_info    0x00036296       0xb6 f:/mechatronics software/bin/bin/../../lib/gcc/pic32mx/4.8.3/../../../../pic32mx/lib\libc.a(ungetc.o)
 .debug_info    0x0003634c       0xb7 f:/mechatronics software/bin/bin/../../lib/gcc/pic32mx/4.8.3/../../../../pic32mx/lib\libc.a(filbuf.o)
 .debug_info    0x00036403       0xb7 f:/mechatronics software/bin/bin/../../lib/gcc/pic32mx/4.8.3/../../../../pic32mx/lib\libc.a(_flsbuf_simple.o)
 .debug_info    0x000364ba       0xb6 f:/mechatronics software/bin/bin/../../lib/gcc/pic32mx/4.8.3/../../../../pic32mx/lib\libc.a(fflush.o)
 .debug_info    0x00036570       0xac f:/mechatronics software/bin/bin/../../lib/gcc/pic32mx/4.8.3/../../../../pic32mx/lib\libpic32.a(read.o)
 .debug_info    0x0003661c       0xae f:/mechatronics software/bin/bin/../../lib/gcc/pic32mx/4.8.3/../../../../pic32mx/lib\libpic32.a(write.o)
 .debug_info    0x000366ca       0xb6 f:/mechatronics software/bin/bin/../../lib/gcc/pic32mx/4.8.3/../../../../pic32mx/lib\libpic32.a(_mon_putc.o)
 .debug_info    0x00036780      0x74f f:/mechatronics software/bin/bin/../../lib/gcc/pic32mx/4.8.3\libgcc.a(_udivdi3.o)
 .debug_info    0x00036ecf      0x78c f:/mechatronics software/bin/bin/../../lib/gcc/pic32mx/4.8.3\libgcc.a(_umoddi3.o)

.debug_abbrev   0x00000000     0x36f1
 *(.debug_abbrev)
 .debug_abbrev  0x00000000       0x28 f:/mechatronics software/bin/bin/../../lib/gcc/pic32mx/4.8.3/../../../../pic32mx/lib\software-debug-break.o
 .debug_abbrev  0x00000028      0x27b build/pic32mx795_pim_e16_int_dyn/debug/_ext/1252289623/sys_clk_static.o
 .debug_abbrev  0x000002a3       0x51 build/pic32mx795_pim_e16_int_dyn/debug/_ext/633097401/sys_ports_static.o
 .debug_abbrev  0x000002f4      0x37d build/pic32mx795_pim_e16_int_dyn/debug/_ext/1856320864/system_init.o
 .debug_abbrev  0x00000671       0xc3 build/pic32mx795_pim_e16_int_dyn/debug/_ext/1856320864/system_interrupt.o
 .debug_abbrev  0x00000734       0xaf build/pic32mx795_pim_e16_int_dyn/debug/_ext/1856320864/system_exceptions.o
 .debug_abbrev  0x000007e3       0xc3 build/pic32mx795_pim_e16_int_dyn/debug/_ext/1856320864/system_tasks.o
 .debug_abbrev  0x000008a6      0x30b build/pic32mx795_pim_e16_int_dyn/debug/_ext/1360937237/app.o
 .debug_abbrev  0x00000bb1       0x93 build/pic32mx795_pim_e16_int_dyn/debug/_ext/1360937237/main.o
 .debug_abbrev  0x00000c44      0x1bd build/pic32mx795_pim_e16_int_dyn/debug/_ext/819416189/bsp_sys_init.o
 .debug_abbrev  0x00000e01      0x48f build/pic32mx795_pim_e16_int_dyn/debug/_ext/1927798604/drv_usart.o
 .debug_abbrev  0x00001290      0x36c build/pic32mx795_pim_e16_int_dyn/debug/_ext/1927798604/drv_usart_read_write.o
 .debug_abbrev  0x000015fc      0x450 build/pic32mx795_pim_e16_int_dyn/debug/_ext/1585079243/drv_usbfs.o
 .debug_abbrev  0x00001a4c      0x4bb build/pic32mx795_pim_e16_int_dyn/debug/_ext/1585079243/drv_usbfs_device.o
 .debug_abbrev  0x00001f07      0x2b9 build/pic32mx795_pim_e16_int_dyn/debug/_ext/912498863/sys_devcon.o
 .debug_abbrev  0x000021c0      0x162 build/pic32mx795_pim_e16_int_dyn/debug/_ext/912498863/sys_devcon_pic32mx.o
 .debug_abbrev  0x00002322      0x1ea build/pic32mx795_pim_e16_int_dyn/debug/_ext/711155467/sys_int_pic32.o
 .debug_abbrev  0x0000250c      0x22f build/pic32mx795_pim_e16_int_dyn/debug/_ext/1653354328/sys_ports.o
 .debug_abbrev  0x0000273b      0x431 build/pic32mx795_pim_e16_int_dyn/debug/_ext/692885480/usb_device.o
 .debug_abbrev  0x00002b6c      0x450 build/pic32mx795_pim_e16_int_dyn/debug/_ext/692885480/usb_device_cdc.o
 .debug_abbrev  0x00002fbc      0x1aa build/pic32mx795_pim_e16_int_dyn/debug/_ext/692885480/usb_device_cdc_acm.o
 .debug_abbrev  0x00003166       0x28 f:/mechatronics software/bin/bin/../../lib/gcc/pic32mx/4.8.3/../../../../pic32mx/lib\libpic32.a(default-bootstrap-exception-handler.o)
 .debug_abbrev  0x0000318e       0x28 f:/mechatronics software/bin/bin/../../lib/gcc/pic32mx/4.8.3/../../../../pic32mx/lib\libpic32.a(default-on-reset.o)
 .debug_abbrev  0x000031b6       0x28 f:/mechatronics software/bin/bin/../../lib/gcc/pic32mx/4.8.3/../../../../pic32mx/lib\libpic32.a(default-on-bootstrap.o)
 .debug_abbrev  0x000031de       0x28 f:/mechatronics software/bin/bin/../../lib/gcc/pic32mx/4.8.3/../../../../pic32mx/lib\libpic32.a(defaultinterrupt.o)
 .debug_abbrev  0x00003206       0x28 f:/mechatronics software/bin/bin/../../lib/gcc/pic32mx/4.8.3/../../../../pic32mx/lib\libc.a(sprintf_cdnopuxX.eo)
 .debug_abbrev  0x0000322e       0x28 f:/mechatronics software/bin/bin/../../lib/gcc/pic32mx/4.8.3/../../../../pic32mx/lib\libc.a(sscanf_cdnopuxX.eo)
 .debug_abbrev  0x00003256       0x28 f:/mechatronics software/bin/bin/../../lib/gcc/pic32mx/4.8.3/../../../../pic32mx/lib\libc.a(doprnt_cdnopuxX.eo)
 .debug_abbrev  0x0000327e       0x3c f:/mechatronics software/bin/bin/../../lib/gcc/pic32mx/4.8.3/../../../../pic32mx/lib\libc.a(doscan_cdnopuxX.eo)
 .debug_abbrev  0x000032ba       0x28 f:/mechatronics software/bin/bin/../../lib/gcc/pic32mx/4.8.3/../../../../pic32mx/lib\libc.a(fgetc.o)
 .debug_abbrev  0x000032e2       0x28 f:/mechatronics software/bin/bin/../../lib/gcc/pic32mx/4.8.3/../../../../pic32mx/lib\libc.a(_fputc_simple.o)
 .debug_abbrev  0x0000330a       0x28 f:/mechatronics software/bin/bin/../../lib/gcc/pic32mx/4.8.3/../../../../pic32mx/lib\libc.a(atoi.o)
 .debug_abbrev  0x00003332       0x28 f:/mechatronics software/bin/bin/../../lib/gcc/pic32mx/4.8.3/../../../../pic32mx/lib\libc.a(ctypef.o)
 .debug_abbrev  0x0000335a       0x28 f:/mechatronics software/bin/bin/../../lib/gcc/pic32mx/4.8.3/../../../../pic32mx/lib\libc.a(ungetc.o)
 .debug_abbrev  0x00003382       0x28 f:/mechatronics software/bin/bin/../../lib/gcc/pic32mx/4.8.3/../../../../pic32mx/lib\libc.a(filbuf.o)
 .debug_abbrev  0x000033aa       0x28 f:/mechatronics software/bin/bin/../../lib/gcc/pic32mx/4.8.3/../../../../pic32mx/lib\libc.a(_flsbuf_simple.o)
 .debug_abbrev  0x000033d2       0x28 f:/mechatronics software/bin/bin/../../lib/gcc/pic32mx/4.8.3/../../../../pic32mx/lib\libc.a(fflush.o)
 .debug_abbrev  0x000033fa       0x28 f:/mechatronics software/bin/bin/../../lib/gcc/pic32mx/4.8.3/../../../../pic32mx/lib\libpic32.a(read.o)
 .debug_abbrev  0x00003422       0x28 f:/mechatronics software/bin/bin/../../lib/gcc/pic32mx/4.8.3/../../../../pic32mx/lib\libpic32.a(write.o)
 .debug_abbrev  0x0000344a       0x28 f:/mechatronics software/bin/bin/../../lib/gcc/pic32mx/4.8.3/../../../../pic32mx/lib\libpic32.a(_mon_putc.o)
 .debug_abbrev  0x00003472      0x138 f:/mechatronics software/bin/bin/../../lib/gcc/pic32mx/4.8.3\libgcc.a(_udivdi3.o)
 .debug_abbrev  0x000035aa      0x147 f:/mechatronics software/bin/bin/../../lib/gcc/pic32mx/4.8.3\libgcc.a(_umoddi3.o)

.debug_line     0x00000000     0x805c
 *(.debug_line)
 .debug_line    0x00000000       0x8a f:/mechatronics software/bin/bin/../../lib/gcc/pic32mx/4.8.3/../../../../pic32mx/lib\software-debug-break.o
 .debug_line    0x0000008a      0x432 build/pic32mx795_pim_e16_int_dyn/debug/_ext/1252289623/sys_clk_static.o
 .debug_line    0x000004bc      0x119 build/pic32mx795_pim_e16_int_dyn/debug/_ext/633097401/sys_ports_static.o
 .debug_line    0x000005d5      0x8b3 build/pic32mx795_pim_e16_int_dyn/debug/_ext/1856320864/system_init.o
 .debug_line    0x00000e88      0x254 build/pic32mx795_pim_e16_int_dyn/debug/_ext/1856320864/system_interrupt.o
 .debug_line    0x000010dc      0x28a build/pic32mx795_pim_e16_int_dyn/debug/_ext/1856320864/system_exceptions.o
 .debug_line    0x00001366      0x2cf build/pic32mx795_pim_e16_int_dyn/debug/_ext/1856320864/system_tasks.o
 .debug_line    0x00001635      0x4d3 build/pic32mx795_pim_e16_int_dyn/debug/_ext/1360937237/app.o
 .debug_line    0x00001b08       0xd4 build/pic32mx795_pim_e16_int_dyn/debug/_ext/1360937237/main.o
 .debug_line    0x00001bdc      0x324 build/pic32mx795_pim_e16_int_dyn/debug/_ext/819416189/bsp_sys_init.o
 .debug_line    0x00001f00     0x1063 build/pic32mx795_pim_e16_int_dyn/debug/_ext/1927798604/drv_usart.o
 .debug_line    0x00002f63      0x77a build/pic32mx795_pim_e16_int_dyn/debug/_ext/1927798604/drv_usart_read_write.o
 .debug_line    0x000036dd      0x8f4 build/pic32mx795_pim_e16_int_dyn/debug/_ext/1585079243/drv_usbfs.o
 .debug_line    0x00003fd1      0xeee build/pic32mx795_pim_e16_int_dyn/debug/_ext/1585079243/drv_usbfs_device.o
 .debug_line    0x00004ebf      0x616 build/pic32mx795_pim_e16_int_dyn/debug/_ext/912498863/sys_devcon.o
 .debug_line    0x000054d5      0x383 build/pic32mx795_pim_e16_int_dyn/debug/_ext/912498863/sys_devcon_pic32mx.o
 .debug_line    0x00005858      0x38a build/pic32mx795_pim_e16_int_dyn/debug/_ext/711155467/sys_int_pic32.o
 .debug_line    0x00005be2      0x7a4 build/pic32mx795_pim_e16_int_dyn/debug/_ext/1653354328/sys_ports.o
 .debug_line    0x00006386      0x91b build/pic32mx795_pim_e16_int_dyn/debug/_ext/692885480/usb_device.o
 .debug_line    0x00006ca1      0x6ba build/pic32mx795_pim_e16_int_dyn/debug/_ext/692885480/usb_device_cdc.o
 .debug_line    0x0000735b      0x231 build/pic32mx795_pim_e16_int_dyn/debug/_ext/692885480/usb_device_cdc_acm.o
 .debug_line    0x0000758c       0x97 f:/mechatronics software/bin/bin/../../lib/gcc/pic32mx/4.8.3/../../../../pic32mx/lib\libpic32.a(default-bootstrap-exception-handler.o)
 .debug_line    0x00007623       0x84 f:/mechatronics software/bin/bin/../../lib/gcc/pic32mx/4.8.3/../../../../pic32mx/lib\libpic32.a(default-on-reset.o)
 .debug_line    0x000076a7       0x88 f:/mechatronics software/bin/bin/../../lib/gcc/pic32mx/4.8.3/../../../../pic32mx/lib\libpic32.a(default-on-bootstrap.o)
 .debug_line    0x0000772f       0x96 f:/mechatronics software/bin/bin/../../lib/gcc/pic32mx/4.8.3/../../../../pic32mx/lib\libpic32.a(defaultinterrupt.o)
 .debug_line    0x000077c5       0x71 f:/mechatronics software/bin/bin/../../lib/gcc/pic32mx/4.8.3/../../../../pic32mx/lib\libc.a(sprintf_cdnopuxX.eo)
 .debug_line    0x00007836       0x70 f:/mechatronics software/bin/bin/../../lib/gcc/pic32mx/4.8.3/../../../../pic32mx/lib\libc.a(sscanf_cdnopuxX.eo)
 .debug_line    0x000078a6       0x70 f:/mechatronics software/bin/bin/../../lib/gcc/pic32mx/4.8.3/../../../../pic32mx/lib\libc.a(doprnt_cdnopuxX.eo)
 .debug_line    0x00007916       0x70 f:/mechatronics software/bin/bin/../../lib/gcc/pic32mx/4.8.3/../../../../pic32mx/lib\libc.a(doscan_cdnopuxX.eo)
 .debug_line    0x00007986       0x6f f:/mechatronics software/bin/bin/../../lib/gcc/pic32mx/4.8.3/../../../../pic32mx/lib\libc.a(fgetc.o)
 .debug_line    0x000079f5       0x6f f:/mechatronics software/bin/bin/../../lib/gcc/pic32mx/4.8.3/../../../../pic32mx/lib\libc.a(_fputc_simple.o)
 .debug_line    0x00007a64       0x6e f:/mechatronics software/bin/bin/../../lib/gcc/pic32mx/4.8.3/../../../../pic32mx/lib\libc.a(atoi.o)
 .debug_line    0x00007ad2        0x0 f:/mechatronics software/bin/bin/../../lib/gcc/pic32mx/4.8.3/../../../../pic32mx/lib\libc.a(ctype.o)
 .debug_line    0x00007ad2       0x70 f:/mechatronics software/bin/bin/../../lib/gcc/pic32mx/4.8.3/../../../../pic32mx/lib\libc.a(ctypef.o)
 .debug_line    0x00007b42       0x70 f:/mechatronics software/bin/bin/../../lib/gcc/pic32mx/4.8.3/../../../../pic32mx/lib\libc.a(ungetc.o)
 .debug_line    0x00007bb2        0x0 f:/mechatronics software/bin/bin/../../lib/gcc/pic32mx/4.8.3/../../../../pic32mx/lib\libc.a(_iob.o)
 .debug_line    0x00007bb2       0x70 f:/mechatronics software/bin/bin/../../lib/gcc/pic32mx/4.8.3/../../../../pic32mx/lib\libc.a(filbuf.o)
 .debug_line    0x00007c22       0x70 f:/mechatronics software/bin/bin/../../lib/gcc/pic32mx/4.8.3/../../../../pic32mx/lib\libc.a(_flsbuf_simple.o)
 .debug_line    0x00007c92       0x70 f:/mechatronics software/bin/bin/../../lib/gcc/pic32mx/4.8.3/../../../../pic32mx/lib\libc.a(fflush.o)
 .debug_line    0x00007d02       0x78 f:/mechatronics software/bin/bin/../../lib/gcc/pic32mx/4.8.3/../../../../pic32mx/lib\libpic32.a(read.o)
 .debug_line    0x00007d7a       0x79 f:/mechatronics software/bin/bin/../../lib/gcc/pic32mx/4.8.3/../../../../pic32mx/lib\libpic32.a(write.o)
 .debug_line    0x00007df3        0x0 f:/mechatronics software/bin/bin/../../lib/gcc/pic32mx/4.8.3/../../../../pic32mx/lib\libpic32.a(xc32_uart.o)
 .debug_line    0x00007df3       0x7d f:/mechatronics software/bin/bin/../../lib/gcc/pic32mx/4.8.3/../../../../pic32mx/lib\libpic32.a(_mon_putc.o)
 .debug_line    0x00007e70       0xed f:/mechatronics software/bin/bin/../../lib/gcc/pic32mx/4.8.3\libgcc.a(_udivdi3.o)
 .debug_line    0x00007f5d       0xff f:/mechatronics software/bin/bin/../../lib/gcc/pic32mx/4.8.3\libgcc.a(_umoddi3.o)

.debug_frame    0x00000000     0x1634
 *(.debug_frame)
 .debug_frame   0x00000000       0x20 f:/mechatronics software/bin/bin/../../lib/gcc/pic32mx/4.8.3/../../../../pic32mx/lib\software-debug-break.o
 .debug_frame   0x00000020       0xa0 build/pic32mx795_pim_e16_int_dyn/debug/_ext/1252289623/sys_clk_static.o
 .debug_frame   0x000000c0       0x20 build/pic32mx795_pim_e16_int_dyn/debug/_ext/633097401/sys_ports_static.o
 .debug_frame   0x000000e0       0x2c build/pic32mx795_pim_e16_int_dyn/debug/_ext/1856320864/system_init.o
 .debug_frame   0x0000010c       0xbc build/pic32mx795_pim_e16_int_dyn/debug/_ext/1856320864/system_interrupt.o
 .debug_frame   0x000001c8       0x28 build/pic32mx795_pim_e16_int_dyn/debug/_ext/1856320864/system_exceptions.o
 .debug_frame   0x000001f0       0x28 build/pic32mx795_pim_e16_int_dyn/debug/_ext/1856320864/system_tasks.o
 .debug_frame   0x00000218       0x88 build/pic32mx795_pim_e16_int_dyn/debug/_ext/1360937237/app.o
 .debug_frame   0x000002a0       0x28 build/pic32mx795_pim_e16_int_dyn/debug/_ext/1360937237/main.o
 .debug_frame   0x000002c8       0xb0 build/pic32mx795_pim_e16_int_dyn/debug/_ext/819416189/bsp_sys_init.o
 .debug_frame   0x00000378      0x24c build/pic32mx795_pim_e16_int_dyn/debug/_ext/1927798604/drv_usart.o
 .debug_frame   0x000005c4       0x50 build/pic32mx795_pim_e16_int_dyn/debug/_ext/1927798604/drv_usart_read_write.o
 .debug_frame   0x00000614       0xe8 build/pic32mx795_pim_e16_int_dyn/debug/_ext/1585079243/drv_usbfs.o
 .debug_frame   0x000006fc      0x1d8 build/pic32mx795_pim_e16_int_dyn/debug/_ext/1585079243/drv_usbfs_device.o
 .debug_frame   0x000008d4       0xe8 build/pic32mx795_pim_e16_int_dyn/debug/_ext/912498863/sys_devcon.o
 .debug_frame   0x000009bc       0x28 build/pic32mx795_pim_e16_int_dyn/debug/_ext/912498863/sys_devcon_pic32mx.o
 .debug_frame   0x000009e4       0x90 build/pic32mx795_pim_e16_int_dyn/debug/_ext/711155467/sys_int_pic32.o
 .debug_frame   0x00000a74      0x1e0 build/pic32mx795_pim_e16_int_dyn/debug/_ext/1653354328/sys_ports.o
 .debug_frame   0x00000c54      0x3d8 build/pic32mx795_pim_e16_int_dyn/debug/_ext/692885480/usb_device.o
 .debug_frame   0x0000102c      0x15c build/pic32mx795_pim_e16_int_dyn/debug/_ext/692885480/usb_device_cdc.o
 .debug_frame   0x00001188       0x28 build/pic32mx795_pim_e16_int_dyn/debug/_ext/692885480/usb_device_cdc_acm.o
 .debug_frame   0x000011b0       0x2c f:/mechatronics software/bin/bin/../../lib/gcc/pic32mx/4.8.3/../../../../pic32mx/lib\libpic32.a(default-bootstrap-exception-handler.o)
 .debug_frame   0x000011dc       0x20 f:/mechatronics software/bin/bin/../../lib/gcc/pic32mx/4.8.3/../../../../pic32mx/lib\libpic32.a(default-on-reset.o)
 .debug_frame   0x000011fc       0x20 f:/mechatronics software/bin/bin/../../lib/gcc/pic32mx/4.8.3/../../../../pic32mx/lib\libpic32.a(default-on-bootstrap.o)
 .debug_frame   0x0000121c       0x20 f:/mechatronics software/bin/bin/../../lib/gcc/pic32mx/4.8.3/../../../../pic32mx/lib\libpic32.a(defaultinterrupt.o)
 .debug_frame   0x0000123c       0x28 f:/mechatronics software/bin/bin/../../lib/gcc/pic32mx/4.8.3/../../../../pic32mx/lib\libc.a(sprintf_cdnopuxX.eo)
 .debug_frame   0x00001264       0x28 f:/mechatronics software/bin/bin/../../lib/gcc/pic32mx/4.8.3/../../../../pic32mx/lib\libc.a(sscanf_cdnopuxX.eo)
 .debug_frame   0x0000128c       0x38 f:/mechatronics software/bin/bin/../../lib/gcc/pic32mx/4.8.3/../../../../pic32mx/lib\libc.a(doprnt_cdnopuxX.eo)
 .debug_frame   0x000012c4       0x6c f:/mechatronics software/bin/bin/../../lib/gcc/pic32mx/4.8.3/../../../../pic32mx/lib\libc.a(doscan_cdnopuxX.eo)
 .debug_frame   0x00001330       0x2c f:/mechatronics software/bin/bin/../../lib/gcc/pic32mx/4.8.3/../../../../pic32mx/lib\libc.a(fgetc.o)
 .debug_frame   0x0000135c       0x2c f:/mechatronics software/bin/bin/../../lib/gcc/pic32mx/4.8.3/../../../../pic32mx/lib\libc.a(_fputc_simple.o)
 .debug_frame   0x00001388       0x20 f:/mechatronics software/bin/bin/../../lib/gcc/pic32mx/4.8.3/../../../../pic32mx/lib\libc.a(atoi.o)
 .debug_frame   0x000013a8      0x120 f:/mechatronics software/bin/bin/../../lib/gcc/pic32mx/4.8.3/../../../../pic32mx/lib\libc.a(ctypef.o)
 .debug_frame   0x000014c8       0x20 f:/mechatronics software/bin/bin/../../lib/gcc/pic32mx/4.8.3/../../../../pic32mx/lib\libc.a(ungetc.o)
 .debug_frame   0x000014e8       0x30 f:/mechatronics software/bin/bin/../../lib/gcc/pic32mx/4.8.3/../../../../pic32mx/lib\libc.a(filbuf.o)
 .debug_frame   0x00001518       0x28 f:/mechatronics software/bin/bin/../../lib/gcc/pic32mx/4.8.3/../../../../pic32mx/lib\libc.a(_flsbuf_simple.o)
 .debug_frame   0x00001540       0x28 f:/mechatronics software/bin/bin/../../lib/gcc/pic32mx/4.8.3/../../../../pic32mx/lib\libc.a(fflush.o)
 .debug_frame   0x00001568       0x2c f:/mechatronics software/bin/bin/../../lib/gcc/pic32mx/4.8.3/../../../../pic32mx/lib\libpic32.a(read.o)
 .debug_frame   0x00001594       0x38 f:/mechatronics software/bin/bin/../../lib/gcc/pic32mx/4.8.3/../../../../pic32mx/lib\libpic32.a(write.o)
 .debug_frame   0x000015cc       0x28 f:/mechatronics software/bin/bin/../../lib/gcc/pic32mx/4.8.3/../../../../pic32mx/lib\libpic32.a(_mon_putc.o)
 .debug_frame   0x000015f4       0x20 f:/mechatronics software/bin/bin/../../lib/gcc/pic32mx/4.8.3\libgcc.a(_udivdi3.o)
 .debug_frame   0x00001614       0x20 f:/mechatronics software/bin/bin/../../lib/gcc/pic32mx/4.8.3\libgcc.a(_umoddi3.o)

.debug_str      0x00000000      0xb86
 *(.debug_str)
 .debug_str     0x00000000        0x0 f:/mechatronics software/bin/bin/../../lib/gcc/pic32mx/4.8.3/../../../../pic32mx/lib\software-debug-break.o
 .debug_str     0x00000000       0x39 build/pic32mx795_pim_e16_int_dyn/debug/_ext/1252289623/sys_clk_static.o
 .debug_str     0x00000039        0x0 build/pic32mx795_pim_e16_int_dyn/debug/_ext/633097401/sys_ports_static.o
 .debug_str     0x00000039      0x119 build/pic32mx795_pim_e16_int_dyn/debug/_ext/1856320864/system_init.o
 .debug_str     0x00000152        0x0 build/pic32mx795_pim_e16_int_dyn/debug/_ext/1856320864/system_interrupt.o
 .debug_str     0x00000152        0x0 build/pic32mx795_pim_e16_int_dyn/debug/_ext/1856320864/system_exceptions.o
 .debug_str     0x00000152        0x0 build/pic32mx795_pim_e16_int_dyn/debug/_ext/1856320864/system_tasks.o
 .debug_str     0x00000152       0xd1 build/pic32mx795_pim_e16_int_dyn/debug/_ext/1360937237/app.o
 .debug_str     0x00000223        0x0 build/pic32mx795_pim_e16_int_dyn/debug/_ext/1360937237/main.o
 .debug_str     0x00000223       0x15 build/pic32mx795_pim_e16_int_dyn/debug/_ext/819416189/bsp_sys_init.o
 .debug_str     0x00000238      0x1b5 build/pic32mx795_pim_e16_int_dyn/debug/_ext/1927798604/drv_usart.o
 .debug_str     0x000003ed       0x65 build/pic32mx795_pim_e16_int_dyn/debug/_ext/1927798604/drv_usart_read_write.o
 .debug_str     0x00000452       0xa2 build/pic32mx795_pim_e16_int_dyn/debug/_ext/1585079243/drv_usbfs.o
 .debug_str     0x000004f4      0x179 build/pic32mx795_pim_e16_int_dyn/debug/_ext/1585079243/drv_usbfs_device.o
 .debug_str     0x0000066d       0x16 build/pic32mx795_pim_e16_int_dyn/debug/_ext/912498863/sys_devcon.o
 .debug_str     0x00000683        0x6 build/pic32mx795_pim_e16_int_dyn/debug/_ext/912498863/sys_devcon_pic32mx.o
 .debug_str     0x00000689       0x2d build/pic32mx795_pim_e16_int_dyn/debug/_ext/711155467/sys_int_pic32.o
 .debug_str     0x000006b6       0x98 build/pic32mx795_pim_e16_int_dyn/debug/_ext/1653354328/sys_ports.o
 .debug_str     0x0000074e      0x29f build/pic32mx795_pim_e16_int_dyn/debug/_ext/692885480/usb_device.o
 .debug_str     0x000009ed      0x18b build/pic32mx795_pim_e16_int_dyn/debug/_ext/692885480/usb_device_cdc.o
 .debug_str     0x00000b78        0xe build/pic32mx795_pim_e16_int_dyn/debug/_ext/692885480/usb_device_cdc_acm.o
 .debug_str     0x00000b86        0x0 f:/mechatronics software/bin/bin/../../lib/gcc/pic32mx/4.8.3/../../../../pic32mx/lib\libpic32.a(default-bootstrap-exception-handler.o)
 .debug_str     0x00000b86        0x0 f:/mechatronics software/bin/bin/../../lib/gcc/pic32mx/4.8.3/../../../../pic32mx/lib\libpic32.a(default-on-reset.o)
 .debug_str     0x00000b86        0x0 f:/mechatronics software/bin/bin/../../lib/gcc/pic32mx/4.8.3/../../../../pic32mx/lib\libpic32.a(default-on-bootstrap.o)
 .debug_str     0x00000b86        0x0 f:/mechatronics software/bin/bin/../../lib/gcc/pic32mx/4.8.3/../../../../pic32mx/lib\libpic32.a(defaultinterrupt.o)
 .debug_str     0x00000b86        0x0 f:/mechatronics software/bin/bin/../../lib/gcc/pic32mx/4.8.3/../../../../pic32mx/lib\libc.a(sprintf_cdnopuxX.eo)
 .debug_str     0x00000b86        0x0 f:/mechatronics software/bin/bin/../../lib/gcc/pic32mx/4.8.3/../../../../pic32mx/lib\libc.a(sscanf_cdnopuxX.eo)
 .debug_str     0x00000b86        0x0 f:/mechatronics software/bin/bin/../../lib/gcc/pic32mx/4.8.3/../../../../pic32mx/lib\libc.a(doprnt_cdnopuxX.eo)
 .debug_str     0x00000b86        0x0 f:/mechatronics software/bin/bin/../../lib/gcc/pic32mx/4.8.3/../../../../pic32mx/lib\libc.a(doscan_cdnopuxX.eo)
 .debug_str     0x00000b86        0x0 f:/mechatronics software/bin/bin/../../lib/gcc/pic32mx/4.8.3/../../../../pic32mx/lib\libc.a(fgetc.o)
 .debug_str     0x00000b86        0x0 f:/mechatronics software/bin/bin/../../lib/gcc/pic32mx/4.8.3/../../../../pic32mx/lib\libc.a(_fputc_simple.o)
 .debug_str     0x00000b86        0x0 f:/mechatronics software/bin/bin/../../lib/gcc/pic32mx/4.8.3/../../../../pic32mx/lib\libc.a(atoi.o)
 .debug_str     0x00000b86        0x0 f:/mechatronics software/bin/bin/../../lib/gcc/pic32mx/4.8.3/../../../../pic32mx/lib\libc.a(ctype.o)
 .debug_str     0x00000b86        0x0 f:/mechatronics software/bin/bin/../../lib/gcc/pic32mx/4.8.3/../../../../pic32mx/lib\libc.a(ctypef.o)
 .debug_str     0x00000b86        0x0 f:/mechatronics software/bin/bin/../../lib/gcc/pic32mx/4.8.3/../../../../pic32mx/lib\libc.a(ungetc.o)
 .debug_str     0x00000b86        0x0 f:/mechatronics software/bin/bin/../../lib/gcc/pic32mx/4.8.3/../../../../pic32mx/lib\libc.a(_iob.o)
 .debug_str     0x00000b86        0x0 f:/mechatronics software/bin/bin/../../lib/gcc/pic32mx/4.8.3/../../../../pic32mx/lib\libc.a(filbuf.o)
 .debug_str     0x00000b86        0x0 f:/mechatronics software/bin/bin/../../lib/gcc/pic32mx/4.8.3/../../../../pic32mx/lib\libc.a(_flsbuf_simple.o)
 .debug_str     0x00000b86        0x0 f:/mechatronics software/bin/bin/../../lib/gcc/pic32mx/4.8.3/../../../../pic32mx/lib\libc.a(fflush.o)
 .debug_str     0x00000b86        0x0 f:/mechatronics software/bin/bin/../../lib/gcc/pic32mx/4.8.3/../../../../pic32mx/lib\libpic32.a(read.o)
 .debug_str     0x00000b86        0x0 f:/mechatronics software/bin/bin/../../lib/gcc/pic32mx/4.8.3/../../../../pic32mx/lib\libpic32.a(write.o)
 .debug_str     0x00000b86        0x0 f:/mechatronics software/bin/bin/../../lib/gcc/pic32mx/4.8.3/../../../../pic32mx/lib\libpic32.a(xc32_uart.o)
 .debug_str     0x00000b86        0x0 f:/mechatronics software/bin/bin/../../lib/gcc/pic32mx/4.8.3/../../../../pic32mx/lib\libpic32.a(_mon_putc.o)
 .debug_str     0x00000b86        0x0 f:/mechatronics software/bin/bin/../../lib/gcc/pic32mx/4.8.3\libgcc.a(_udivdi3.o)
 .debug_str     0x00000b86        0x0 f:/mechatronics software/bin/bin/../../lib/gcc/pic32mx/4.8.3\libgcc.a(_umoddi3.o)

.debug_loc      0x00000000     0xc44d
 *(.debug_loc)
 .debug_loc     0x00000000       0xc1 build/pic32mx795_pim_e16_int_dyn/debug/_ext/1252289623/sys_clk_static.o
 .debug_loc     0x000000c1       0x41 build/pic32mx795_pim_e16_int_dyn/debug/_ext/1856320864/system_init.o
 .debug_loc     0x00000102       0x42 build/pic32mx795_pim_e16_int_dyn/debug/_ext/1856320864/system_interrupt.o
 .debug_loc     0x00000144       0x20 build/pic32mx795_pim_e16_int_dyn/debug/_ext/1856320864/system_exceptions.o
 .debug_loc     0x00000164       0x20 build/pic32mx795_pim_e16_int_dyn/debug/_ext/1856320864/system_tasks.o
 .debug_loc     0x00000184      0x390 build/pic32mx795_pim_e16_int_dyn/debug/_ext/1360937237/app.o
 .debug_loc     0x00000514       0x20 build/pic32mx795_pim_e16_int_dyn/debug/_ext/1360937237/main.o
 .debug_loc     0x00000534       0x71 build/pic32mx795_pim_e16_int_dyn/debug/_ext/819416189/bsp_sys_init.o
 .debug_loc     0x000005a5     0x2ed5 build/pic32mx795_pim_e16_int_dyn/debug/_ext/1927798604/drv_usart.o
 .debug_loc     0x0000347a      0xa99 build/pic32mx795_pim_e16_int_dyn/debug/_ext/1927798604/drv_usart_read_write.o
 .debug_loc     0x00003f13      0x6e0 build/pic32mx795_pim_e16_int_dyn/debug/_ext/1585079243/drv_usbfs.o
 .debug_loc     0x000045f3     0x2933 build/pic32mx795_pim_e16_int_dyn/debug/_ext/1585079243/drv_usbfs_device.o
 .debug_loc     0x00006f26      0x150 build/pic32mx795_pim_e16_int_dyn/debug/_ext/912498863/sys_devcon.o
 .debug_loc     0x00007076       0xb1 build/pic32mx795_pim_e16_int_dyn/debug/_ext/912498863/sys_devcon_pic32mx.o
 .debug_loc     0x00007127      0x10d build/pic32mx795_pim_e16_int_dyn/debug/_ext/711155467/sys_int_pic32.o
 .debug_loc     0x00007234      0xe83 build/pic32mx795_pim_e16_int_dyn/debug/_ext/1653354328/sys_ports.o
 .debug_loc     0x000080b7     0x1e45 build/pic32mx795_pim_e16_int_dyn/debug/_ext/692885480/usb_device.o
 .debug_loc     0x00009efc      0xf08 build/pic32mx795_pim_e16_int_dyn/debug/_ext/692885480/usb_device_cdc.o
 .debug_loc     0x0000ae04      0x1a2 build/pic32mx795_pim_e16_int_dyn/debug/_ext/692885480/usb_device_cdc_acm.o
 .debug_loc     0x0000afa6      0xa6a f:/mechatronics software/bin/bin/../../lib/gcc/pic32mx/4.8.3\libgcc.a(_udivdi3.o)
 .debug_loc     0x0000ba10      0xa3d f:/mechatronics software/bin/bin/../../lib/gcc/pic32mx/4.8.3\libgcc.a(_umoddi3.o)

.debug_macinfo
 *(.debug_macinfo)

.debug_weaknames
 *(.debug_weaknames)

.debug_funcnames
 *(.debug_funcnames)

.debug_typenames
 *(.debug_typenames)

.debug_varnames
 *(.debug_varnames)

.debug_pubtypes
 *(.debug_pubtypes)

.debug_ranges   0x00000000     0x12f0
 *(.debug_ranges)
 .debug_ranges  0x00000000       0x10 f:/mechatronics software/bin/bin/../../lib/gcc/pic32mx/4.8.3/../../../../pic32mx/lib\software-debug-break.o
 .debug_ranges  0x00000010       0x40 build/pic32mx795_pim_e16_int_dyn/debug/_ext/1252289623/sys_clk_static.o
 .debug_ranges  0x00000050       0x10 build/pic32mx795_pim_e16_int_dyn/debug/_ext/633097401/sys_ports_static.o
 .debug_ranges  0x00000060       0x10 build/pic32mx795_pim_e16_int_dyn/debug/_ext/1856320864/system_init.o
 .debug_ranges  0x00000070       0x18 build/pic32mx795_pim_e16_int_dyn/debug/_ext/1856320864/system_interrupt.o
 .debug_ranges  0x00000088       0x10 build/pic32mx795_pim_e16_int_dyn/debug/_ext/1856320864/system_exceptions.o
 .debug_ranges  0x00000098       0x10 build/pic32mx795_pim_e16_int_dyn/debug/_ext/1856320864/system_tasks.o
 .debug_ranges  0x000000a8       0x30 build/pic32mx795_pim_e16_int_dyn/debug/_ext/1360937237/app.o
 .debug_ranges  0x000000d8       0x10 build/pic32mx795_pim_e16_int_dyn/debug/_ext/1360937237/main.o
 .debug_ranges  0x000000e8       0x58 build/pic32mx795_pim_e16_int_dyn/debug/_ext/819416189/bsp_sys_init.o
 .debug_ranges  0x00000140      0x6e0 build/pic32mx795_pim_e16_int_dyn/debug/_ext/1927798604/drv_usart.o
 .debug_ranges  0x00000820      0x1c0 build/pic32mx795_pim_e16_int_dyn/debug/_ext/1927798604/drv_usart_read_write.o
 .debug_ranges  0x000009e0       0x78 build/pic32mx795_pim_e16_int_dyn/debug/_ext/1585079243/drv_usbfs.o
 .debug_ranges  0x00000a58      0x1e8 build/pic32mx795_pim_e16_int_dyn/debug/_ext/1585079243/drv_usbfs_device.o
 .debug_ranges  0x00000c40       0x68 build/pic32mx795_pim_e16_int_dyn/debug/_ext/912498863/sys_devcon.o
 .debug_ranges  0x00000ca8       0x10 build/pic32mx795_pim_e16_int_dyn/debug/_ext/912498863/sys_devcon_pic32mx.o
 .debug_ranges  0x00000cb8       0x50 build/pic32mx795_pim_e16_int_dyn/debug/_ext/711155467/sys_int_pic32.o
 .debug_ranges  0x00000d08       0xf0 build/pic32mx795_pim_e16_int_dyn/debug/_ext/1653354328/sys_ports.o
 .debug_ranges  0x00000df8      0x140 build/pic32mx795_pim_e16_int_dyn/debug/_ext/692885480/usb_device.o
 .debug_ranges  0x00000f38       0x78 build/pic32mx795_pim_e16_int_dyn/debug/_ext/692885480/usb_device_cdc.o
 .debug_ranges  0x00000fb0       0x10 build/pic32mx795_pim_e16_int_dyn/debug/_ext/692885480/usb_device_cdc_acm.o
 .debug_ranges  0x00000fc0       0x10 f:/mechatronics software/bin/bin/../../lib/gcc/pic32mx/4.8.3/../../../../pic32mx/lib\libpic32.a(default-bootstrap-exception-handler.o)
 .debug_ranges  0x00000fd0       0x10 f:/mechatronics software/bin/bin/../../lib/gcc/pic32mx/4.8.3/../../../../pic32mx/lib\libpic32.a(default-on-reset.o)
 .debug_ranges  0x00000fe0       0x10 f:/mechatronics software/bin/bin/../../lib/gcc/pic32mx/4.8.3/../../../../pic32mx/lib\libpic32.a(default-on-bootstrap.o)
 .debug_ranges  0x00000ff0       0x10 f:/mechatronics software/bin/bin/../../lib/gcc/pic32mx/4.8.3/../../../../pic32mx/lib\libpic32.a(defaultinterrupt.o)
 .debug_ranges  0x00001000       0x10 f:/mechatronics software/bin/bin/../../lib/gcc/pic32mx/4.8.3/../../../../pic32mx/lib\libc.a(sprintf_cdnopuxX.eo)
 .debug_ranges  0x00001010       0x10 f:/mechatronics software/bin/bin/../../lib/gcc/pic32mx/4.8.3/../../../../pic32mx/lib\libc.a(sscanf_cdnopuxX.eo)
 .debug_ranges  0x00001020       0x10 f:/mechatronics software/bin/bin/../../lib/gcc/pic32mx/4.8.3/../../../../pic32mx/lib\libc.a(doprnt_cdnopuxX.eo)
 .debug_ranges  0x00001030       0x20 f:/mechatronics software/bin/bin/../../lib/gcc/pic32mx/4.8.3/../../../../pic32mx/lib\libc.a(doscan_cdnopuxX.eo)
 .debug_ranges  0x00001050       0x10 f:/mechatronics software/bin/bin/../../lib/gcc/pic32mx/4.8.3/../../../../pic32mx/lib\libc.a(fgetc.o)
 .debug_ranges  0x00001060       0x10 f:/mechatronics software/bin/bin/../../lib/gcc/pic32mx/4.8.3/../../../../pic32mx/lib\libc.a(_fputc_simple.o)
 .debug_ranges  0x00001070       0x10 f:/mechatronics software/bin/bin/../../lib/gcc/pic32mx/4.8.3/../../../../pic32mx/lib\libc.a(atoi.o)
 .debug_ranges  0x00001080       0x90 f:/mechatronics software/bin/bin/../../lib/gcc/pic32mx/4.8.3/../../../../pic32mx/lib\libc.a(ctypef.o)
 .debug_ranges  0x00001110       0x10 f:/mechatronics software/bin/bin/../../lib/gcc/pic32mx/4.8.3/../../../../pic32mx/lib\libc.a(ungetc.o)
 .debug_ranges  0x00001120       0x10 f:/mechatronics software/bin/bin/../../lib/gcc/pic32mx/4.8.3/../../../../pic32mx/lib\libc.a(filbuf.o)
 .debug_ranges  0x00001130       0x10 f:/mechatronics software/bin/bin/../../lib/gcc/pic32mx/4.8.3/../../../../pic32mx/lib\libc.a(_flsbuf_simple.o)
 .debug_ranges  0x00001140       0x10 f:/mechatronics software/bin/bin/../../lib/gcc/pic32mx/4.8.3/../../../../pic32mx/lib\libc.a(fflush.o)
 .debug_ranges  0x00001150       0x10 f:/mechatronics software/bin/bin/../../lib/gcc/pic32mx/4.8.3/../../../../pic32mx/lib\libpic32.a(read.o)
 .debug_ranges  0x00001160       0x10 f:/mechatronics software/bin/bin/../../lib/gcc/pic32mx/4.8.3/../../../../pic32mx/lib\libpic32.a(write.o)
 .debug_ranges  0x00001170       0x10 f:/mechatronics software/bin/bin/../../lib/gcc/pic32mx/4.8.3/../../../../pic32mx/lib\libpic32.a(_mon_putc.o)
 .debug_ranges  0x00001180       0x98 f:/mechatronics software/bin/bin/../../lib/gcc/pic32mx/4.8.3\libgcc.a(_udivdi3.o)
 .debug_ranges  0x00001218       0xd8 f:/mechatronics software/bin/bin/../../lib/gcc/pic32mx/4.8.3\libgcc.a(_umoddi3.o)

.gnu.attributes
                0x00000000       0x10
 *(.gnu.attributes)
 .gnu.attributes
                0x00000000       0x10 f:/mechatronics software/bin/bin/../../lib/gcc/pic32mx/4.8.3/../../../../pic32mx/lib\software-debug-break.o
 .gnu.attributes
                0x00000010       0x10 build/pic32mx795_pim_e16_int_dyn/debug/_ext/1252289623/sys_clk_static.o
 .gnu.attributes
                0x00000020       0x10 build/pic32mx795_pim_e16_int_dyn/debug/_ext/633097401/sys_ports_static.o
 .gnu.attributes
                0x00000030       0x10 build/pic32mx795_pim_e16_int_dyn/debug/_ext/1856320864/system_init.o
 .gnu.attributes
                0x00000040       0x10 build/pic32mx795_pim_e16_int_dyn/debug/_ext/1856320864/system_interrupt.o
 .gnu.attributes
                0x00000050       0x10 build/pic32mx795_pim_e16_int_dyn/debug/_ext/1856320864/system_exceptions.o
 .gnu.attributes
                0x00000060       0x10 build/pic32mx795_pim_e16_int_dyn/debug/_ext/1856320864/system_tasks.o
 .gnu.attributes
                0x00000070       0x10 build/pic32mx795_pim_e16_int_dyn/debug/_ext/1360937237/app.o
 .gnu.attributes
                0x00000080       0x10 build/pic32mx795_pim_e16_int_dyn/debug/_ext/1360937237/main.o
 .gnu.attributes
                0x00000090       0x10 build/pic32mx795_pim_e16_int_dyn/debug/_ext/819416189/bsp_sys_init.o
 .gnu.attributes
                0x000000a0       0x10 build/pic32mx795_pim_e16_int_dyn/debug/_ext/1927798604/drv_usart.o
 .gnu.attributes
                0x000000b0       0x10 build/pic32mx795_pim_e16_int_dyn/debug/_ext/1927798604/drv_usart_read_write.o
 .gnu.attributes
                0x000000c0       0x10 build/pic32mx795_pim_e16_int_dyn/debug/_ext/1585079243/drv_usbfs.o
 .gnu.attributes
                0x000000d0       0x10 build/pic32mx795_pim_e16_int_dyn/debug/_ext/1585079243/drv_usbfs_device.o
 .gnu.attributes
                0x000000e0       0x10 build/pic32mx795_pim_e16_int_dyn/debug/_ext/912498863/sys_devcon.o
 .gnu.attributes
                0x000000f0       0x10 build/pic32mx795_pim_e16_int_dyn/debug/_ext/912498863/sys_devcon_pic32mx.o
 .gnu.attributes
                0x00000100       0x10 build/pic32mx795_pim_e16_int_dyn/debug/_ext/711155467/sys_int_pic32.o
 .gnu.attributes
                0x00000110       0x10 build/pic32mx795_pim_e16_int_dyn/debug/_ext/1653354328/sys_ports.o
 .gnu.attributes
                0x00000120       0x10 build/pic32mx795_pim_e16_int_dyn/debug/_ext/692885480/usb_device.o
 .gnu.attributes
                0x00000130       0x10 build/pic32mx795_pim_e16_int_dyn/debug/_ext/692885480/usb_device_cdc.o